Archive member included to satisfy reference by file (symbol)

c:/nxp/mcuxpressoide_11.4.0_6237/ide/plugins/com.nxp.mcuxpresso.tools.win32_11.4.0.202103011116/tools/bin/../lib/gcc/arm-none-eabi/10.2.1/../../../../arm-none-eabi/lib/thumb/v6-m/nofp\libcr_c.a(__weak__main.o)
                              ./src/cr_startup_lpc84x.o (__main)

Discarded input sections

 .text          0x00000000        0x0 ./src/aeabi_romdiv_patch.o
 .data          0x00000000        0x0 ./src/aeabi_romdiv_patch.o
 .bss           0x00000000        0x0 ./src/aeabi_romdiv_patch.o
 .text.__aeabi_idiv
                0x00000000       0x10 ./src/aeabi_romdiv_patch.o
 .text.__aeabi_uidiv
                0x00000000       0x10 ./src/aeabi_romdiv_patch.o
 .debug_line    0x00000000       0x65 ./src/aeabi_romdiv_patch.o
 .debug_info    0x00000000       0x22 ./src/aeabi_romdiv_patch.o
 .debug_abbrev  0x00000000       0x12 ./src/aeabi_romdiv_patch.o
 .debug_aranges
                0x00000000       0x28 ./src/aeabi_romdiv_patch.o
 .debug_str     0x00000000       0x85 ./src/aeabi_romdiv_patch.o
 .debug_ranges  0x00000000       0x20 ./src/aeabi_romdiv_patch.o
 .ARM.attributes
                0x00000000       0x1c ./src/aeabi_romdiv_patch.o
 .group         0x00000000        0xc ./src/cr_startup_lpc84x.o
 .text          0x00000000        0x0 ./src/cr_startup_lpc84x.o
 .data          0x00000000        0x0 ./src/cr_startup_lpc84x.o
 .bss           0x00000000        0x0 ./src/cr_startup_lpc84x.o
 .group         0x00000000        0xc ./src/crp.o
 .group         0x00000000        0xc ./src/crp.o
 .text          0x00000000        0x0 ./src/crp.o
 .data          0x00000000        0x0 ./src/crp.o
 .bss           0x00000000        0x0 ./src/crp.o
 .debug_macro   0x00000000      0xa66 ./src/crp.o
 .group         0x00000000        0xc ./src/gpio.o
 .group         0x00000000        0xc ./src/gpio.o
 .group         0x00000000        0xc ./src/gpio.o
 .group         0x00000000        0xc ./src/gpio.o
 .text          0x00000000        0x0 ./src/gpio.o
 .data          0x00000000        0x0 ./src/gpio.o
 .bss           0x00000000        0x0 ./src/gpio.o
 .debug_macro   0x00000000      0xa66 ./src/gpio.o
 .group         0x00000000        0xc ./src/inializacion.o
 .group         0x00000000        0xc ./src/inializacion.o
 .group         0x00000000        0xc ./src/inializacion.o
 .group         0x00000000        0xc ./src/inializacion.o
 .text          0x00000000        0x0 ./src/inializacion.o
 .data          0x00000000        0x0 ./src/inializacion.o
 .bss           0x00000000        0x0 ./src/inializacion.o
 .debug_macro   0x00000000      0xa66 ./src/inializacion.o
 .debug_macro   0x00000000      0x2ed ./src/inializacion.o
 .debug_macro   0x00000000       0x3a ./src/inializacion.o
 .debug_macro   0x00000000       0x40 ./src/inializacion.o
 .group         0x00000000        0xc ./src/main.o
 .group         0x00000000        0xc ./src/main.o
 .group         0x00000000        0xc ./src/main.o
 .group         0x00000000        0xc ./src/main.o
 .group         0x00000000        0xc ./src/main.o
 .text          0x00000000        0x0 ./src/main.o
 .data          0x00000000        0x0 ./src/main.o
 .bss           0x00000000        0x0 ./src/main.o
 .debug_macro   0x00000000      0xa66 ./src/main.o
 .debug_macro   0x00000000      0x2ed ./src/main.o
 .debug_macro   0x00000000       0x3a ./src/main.o
 .debug_macro   0x00000000       0x40 ./src/main.o
 .group         0x00000000        0xc ./src/mtb.o
 .group         0x00000000        0xc ./src/mtb.o
 .group         0x00000000        0xc ./src/mtb.o
 .text          0x00000000        0x0 ./src/mtb.o
 .data          0x00000000        0x0 ./src/mtb.o
 .bss           0x00000000        0x0 ./src/mtb.o
 .debug_macro   0x00000000      0xa66 ./src/mtb.o
 .debug_macro   0x00000000       0x82 ./src/mtb.o
 .group         0x00000000        0xc ./src/timer.o
 .group         0x00000000        0xc ./src/timer.o
 .group         0x00000000        0xc ./src/timer.o
 .group         0x00000000        0xc ./src/timer.o
 .text          0x00000000        0x0 ./src/timer.o
 .data          0x00000000        0x0 ./src/timer.o
 .bss           0x00000000        0x0 ./src/timer.o
 .debug_macro   0x00000000      0xa66 ./src/timer.o
 .debug_macro   0x00000000      0x2ed ./src/timer.o
 .debug_macro   0x00000000       0x3a ./src/timer.o
 .debug_macro   0x00000000       0x40 ./src/timer.o
 .text          0x00000000        0x0 c:/nxp/mcuxpressoide_11.4.0_6237/ide/plugins/com.nxp.mcuxpresso.tools.win32_11.4.0.202103011116/tools/bin/../lib/gcc/arm-none-eabi/10.2.1/../../../../arm-none-eabi/lib/thumb/v6-m/nofp\libcr_c.a(__weak__main.o)
 .data          0x00000000        0x0 c:/nxp/mcuxpressoide_11.4.0_6237/ide/plugins/com.nxp.mcuxpresso.tools.win32_11.4.0.202103011116/tools/bin/../lib/gcc/arm-none-eabi/10.2.1/../../../../arm-none-eabi/lib/thumb/v6-m/nofp\libcr_c.a(__weak__main.o)
 .bss           0x00000000        0x0 c:/nxp/mcuxpressoide_11.4.0_6237/ide/plugins/com.nxp.mcuxpresso.tools.win32_11.4.0.202103011116/tools/bin/../lib/gcc/arm-none-eabi/10.2.1/../../../../arm-none-eabi/lib/thumb/v6-m/nofp\libcr_c.a(__weak__main.o)

Memory Configuration

Name             Origin             Length             Attributes
MFlash64         0x00000000         0x00010000         xr
RamLoc16         0x10000000         0x00004000         xrw
*default*        0x00000000         0xffffffff

Linker script and memory map

LOAD ./src/aeabi_romdiv_patch.o
LOAD ./src/cr_startup_lpc84x.o
LOAD ./src/crp.o
LOAD ./src/gpio.o
LOAD ./src/inializacion.o
LOAD ./src/main.o
LOAD ./src/mtb.o
LOAD ./src/timer.o
START GROUP
LOAD c:/nxp/mcuxpressoide_11.4.0_6237/ide/plugins/com.nxp.mcuxpresso.tools.win32_11.4.0.202103011116/tools/bin/../lib/gcc/arm-none-eabi/10.2.1/../../../../arm-none-eabi/lib/thumb/v6-m/nofp\libcr_c.a
LOAD c:/nxp/mcuxpressoide_11.4.0_6237/ide/plugins/com.nxp.mcuxpresso.tools.win32_11.4.0.202103011116/tools/bin/../lib/gcc/arm-none-eabi/10.2.1/thumb/v6-m/nofp\libcr_eabihelpers.a
LOAD c:/nxp/mcuxpressoide_11.4.0_6237/ide/plugins/com.nxp.mcuxpresso.tools.win32_11.4.0.202103011116/tools/bin/../lib/gcc/arm-none-eabi/10.2.1/thumb/v6-m/nofp\libgcc.a
END GROUP
                0x00000000                __base_MFlash64 = 0x0
                0x00000000                __base_Flash = 0x0
                0x00010000                __top_MFlash64 = 0x10000
                0x00010000                __top_Flash = 0x10000
                0x10000000                __base_RamLoc16 = 0x10000000
                0x10000000                __base_RAM = 0x10000000
                0x10004000                __top_RamLoc16 = 0x10004000
                0x10004000                __top_RAM = 0x10004000

.text           0x00000000      0x65c
 FILL mask 0xff
                0x00000000                __vectors_start__ = ABSOLUTE (.)
 *(.isr_vector)
 .isr_vector    0x00000000       0xc0 ./src/cr_startup_lpc84x.o
                0x00000000                g_pfnVectors
                0x000000c0                . = ALIGN (0x4)
                0x000000c0                __section_table_start = .
                0x000000c0                __data_section_table = .
                0x000000c0        0x4 LONG 0x65c LOADADDR (.data)
                0x000000c4        0x4 LONG 0x10000100 ADDR (.data)
                0x000000c8        0x4 LONG 0x0 SIZEOF (.data)
                0x000000cc                __data_section_table_end = .
                0x000000cc                __bss_section_table = .
                0x000000cc        0x4 LONG 0x10000100 ADDR (.bss)
                0x000000d0        0x4 LONG 0xc SIZEOF (.bss)
                0x000000d4                __bss_section_table_end = .
                0x000000d4                __section_table_end = .
 *(.after_vectors*)
 .after_vectors
                0x000000d4      0x144 ./src/cr_startup_lpc84x.o
                0x000000d4                data_init
                0x00000116                bss_init
                0x0000014c                ResetISR
                0x000001f4                NMI_Handler
                0x000001fa                HardFault_Handler
                0x00000200                SVC_Handler
                0x00000206                PendSV_Handler
                0x00000212                PININT1_IRQHandler
                0x00000212                PININT2_IRQHandler
                0x00000212                MRT_IRQHandler
                0x00000212                I2C1_IRQHandler
                0x00000212                UART1_IRQHandler
                0x00000212                ADC_SEQB_IRQHandler
                0x00000212                UART0_IRQHandler
                0x00000212                WKT_IRQHandler
                0x00000212                I2C0_IRQHandler
                0x00000212                IntDefaultHandler
                0x00000212                ADC_OVR_IRQHandler
                0x00000212                I2C2_IRQHandler
                0x00000212                PININT7_IRQHandler
                0x00000212                PININT3_IRQHandler
                0x00000212                UART2_IRQHandler
                0x00000212                PININT5_IRQHandler
                0x00000212                PININT4_IRQHandler
                0x00000212                ADC_THCMP_IRQHandler
                0x00000212                PININT0_IRQHandler
                0x00000212                BOD_IRQHandler
                0x00000212                I2C3_IRQHandler
                0x00000212                SCT_IRQHandler
                0x00000212                WDT_IRQHandler
                0x00000212                SPI1_IRQHandler
                0x00000212                ADC_SEQA_IRQHandler
                0x00000212                FAIM_IRQHandler
                0x00000212                DAC0_IRQHandler
                0x00000212                PININT6_IRQHandler
                0x00000212                SPI0_IRQHandler
                0x00000212                CMP_IRQHandler
                0x00000212                DMA_IRQHandler
                0x00000212                FLASH_IRQHandler
                0x00000212                CTIMER0_IRQHandler
                0x000002fc                . = 0x2fc
 *fill*         0x00000218       0xe4 ff
                0x000002fc                PROVIDE (__CRP_WORD_START__ = .)
 *(.crp)
 .crp           0x000002fc        0x4 ./src/crp.o
                0x000002fc                CRP_WORD
                0x00000300                PROVIDE (__CRP_WORD_END__ = .)
                0x00000001                ASSERT (! ((__CRP_WORD_START__ == __CRP_WORD_END__)), Linker CRP Enabled, but no CRP_WORD provided within application)
 *(.text*)
 .text.SetPIN   0x00000300       0x50 ./src/gpio.o
                0x00000300                SetPIN
 .text.SetDIR   0x00000350       0x50 ./src/gpio.o
                0x00000350                SetDIR
 .text.GetPIN   0x000003a0       0x36 ./src/gpio.o
                0x000003a0                GetPIN
 *fill*         0x000003d6        0x2 ff
 .text.SetPINMODE_IN
                0x000003d8       0x38 ./src/gpio.o
                0x000003d8                SetPINMODE_IN
 .text.SetPINMODE_OUT
                0x00000410       0x3c ./src/gpio.o
                0x00000410                SetPINMODE_OUT
 .text.inicializacionGPIO
                0x0000044c       0x9c ./src/inializacion.o
                0x0000044c                inicializacionGPIO
 .text.inicializacion
                0x000004e8       0x1c ./src/inializacion.o
                0x000004e8                inicializacion
 .text.main     0x00000504       0xd4 ./src/main.o
                0x00000504                main
 .text.SysTickInic
                0x000005d8       0x54 ./src/timer.o
                0x000005d8                SysTickInic
 .text.SysTick_Handler
                0x0000062c       0x28 ./src/timer.o
                0x0000062c                SysTick_Handler
 .text.__weak_main
                0x00000654        0x8 c:/nxp/mcuxpressoide_11.4.0_6237/ide/plugins/com.nxp.mcuxpresso.tools.win32_11.4.0.202103011116/tools/bin/../lib/gcc/arm-none-eabi/10.2.1/../../../../arm-none-eabi/lib/thumb/v6-m/nofp\libcr_c.a(__weak__main.o)
                0x00000654                __weak_main
                0x00000654                __main
 *(.rodata .rodata.* .constdata .constdata.*)
                0x0000065c                . = ALIGN (0x4)

.glue_7         0x0000065c        0x0
 .glue_7        0x0000065c        0x0 linker stubs

.glue_7t        0x0000065c        0x0
 .glue_7t       0x0000065c        0x0 linker stubs

.vfp11_veneer   0x0000065c        0x0
 .vfp11_veneer  0x0000065c        0x0 linker stubs

.v4_bx          0x0000065c        0x0
 .v4_bx         0x0000065c        0x0 linker stubs

.iplt           0x0000065c        0x0
 .iplt          0x0000065c        0x0 ./src/cr_startup_lpc84x.o

.rel.dyn        0x0000065c        0x0
 .rel.iplt      0x0000065c        0x0 ./src/cr_startup_lpc84x.o

.ARM.extab
 *(.ARM.extab* .gnu.linkonce.armextab.*)

.ARM.exidx      0x0000065c        0x0
                0x0000065c                __exidx_start = .
 *(.ARM.exidx* .gnu.linkonce.armexidx.*)
                0x0000065c                __exidx_end = .
                0x0000065c                _etext = .

.mtb_buffer_default
                0x10000000      0x100
 *(.mtb*)
 .mtb.$RAM1     0x10000000      0x100 ./src/mtb.o
                0x10000000                __mtb_buffer__

.uninit_RESERVED
                0x10000100        0x0
                0x10000100                _start_uninit_RESERVED = .
 *(.bss.$RESERVED*)
                0x10000100                . = ALIGN (0x4)
                0x10000100                _end_uninit_RESERVED = .

.data           0x10000100        0x0 load address 0x0000065c
 FILL mask 0xff
                0x10000100                _data = .
                [!provide]                PROVIDE (__start_data_RAM = .)
                [!provide]                PROVIDE (__start_data_RamLoc16 = .)
 *(vtable)
 *(.ramfunc*)
 *(CodeQuickAccess)
 *(DataQuickAccess)
 *(RamFunction)
 *(.data*)
                0x10000100                . = ALIGN (0x4)
                0x10000100                _edata = .
                [!provide]                PROVIDE (__end_data_RAM = .)
                [!provide]                PROVIDE (__end_data_RamLoc16 = .)

.igot.plt       0x10000100        0x0 load address 0x0000065c
 .igot.plt      0x10000100        0x0 ./src/cr_startup_lpc84x.o

.bss            0x10000100        0xc
                0x10000100                _bss = .
                [!provide]                PROVIDE (__start_bss_RAM = .)
                [!provide]                PROVIDE (__start_bss_RamLoc16 = .)
 *(.bss*)
 .bss.pDivRom_idiv
                0x10000100        0x4 ./src/cr_startup_lpc84x.o
                0x10000100                pDivRom_idiv
 .bss.pDivRom_uidiv
                0x10000104        0x4 ./src/cr_startup_lpc84x.o
                0x10000104                pDivRom_uidiv
 .bss.delay     0x10000108        0x2 ./src/main.o
                0x10000108                delay
 *(COMMON)
                0x1000010c                . = ALIGN (0x4)
 *fill*         0x1000010a        0x2 
                0x1000010c                _ebss = .
                [!provide]                PROVIDE (__end_bss_RAM = .)
                [!provide]                PROVIDE (__end_bss_RamLoc16 = .)
                [!provide]                PROVIDE (end = .)

.noinit         0x1000010c        0x0
                0x1000010c                _noinit = .
                [!provide]                PROVIDE (__start_noinit_RAM = .)
                [!provide]                PROVIDE (__start_noinit_RamLoc16 = .)
 *(.noinit*)
                0x1000010c                . = ALIGN (0x4)
                0x1000010c                _end_noinit = .
                [!provide]                PROVIDE (__end_noinit_RAM = .)
                [!provide]                PROVIDE (__end_noinit_RamLoc16 = .)
                [!provide]                PROVIDE (_pvHeapStart = DEFINED (__user_heap_base)?__user_heap_base:.)
                0x10004000                PROVIDE (_vStackTop = DEFINED (__user_stack_top)?__user_stack_top:(__top_RamLoc16 - 0x0))
                0xefffbac3                PROVIDE (__valid_user_code_checksum = (0x0 - (((_vStackTop + (ResetISR + 0x1)) + (DEFINED (NMI_Handler)?NMI_Handler:M0_NMI_Handler + 0x1)) + (DEFINED (HardFault_Handler)?HardFault_Handler:M0_HardFault_Handler + 0x1))))
                0x00000000                _image_start = LOADADDR (.text)
                0x0000065c                _image_end = (LOADADDR (.data) + SIZEOF (.data))
                0x0000065c                _image_size = (_image_end - _image_start)
OUTPUT(UtilitariasGPIOSysTick2.axf elf32-littlearm)
LOAD linker stubs

.debug_info     0x00000000      0xe27
 .debug_info    0x00000000      0x262 ./src/cr_startup_lpc84x.o
 .debug_info    0x00000262       0x40 ./src/crp.o
 .debug_info    0x000002a2      0x3be ./src/gpio.o
 .debug_info    0x00000660      0x52d ./src/inializacion.o
 .debug_info    0x00000b8d       0xb8 ./src/main.o
 .debug_info    0x00000c45       0x54 ./src/mtb.o
 .debug_info    0x00000c99      0x18e ./src/timer.o

.debug_abbrev   0x00000000      0x55e
 .debug_abbrev  0x00000000      0x135 ./src/cr_startup_lpc84x.o
 .debug_abbrev  0x00000135       0x38 ./src/crp.o
 .debug_abbrev  0x0000016d      0x156 ./src/gpio.o
 .debug_abbrev  0x000002c3       0xd0 ./src/inializacion.o
 .debug_abbrev  0x00000393       0x83 ./src/main.o
 .debug_abbrev  0x00000416       0x46 ./src/mtb.o
 .debug_abbrev  0x0000045c      0x102 ./src/timer.o

.debug_aranges  0x00000000      0x140
 .debug_aranges
                0x00000000       0x60 ./src/cr_startup_lpc84x.o
 .debug_aranges
                0x00000060       0x18 ./src/crp.o
 .debug_aranges
                0x00000078       0x40 ./src/gpio.o
 .debug_aranges
                0x000000b8       0x28 ./src/inializacion.o
 .debug_aranges
                0x000000e0       0x20 ./src/main.o
 .debug_aranges
                0x00000100       0x18 ./src/mtb.o
 .debug_aranges
                0x00000118       0x28 ./src/timer.o

.debug_ranges   0x00000000       0xc0
 .debug_ranges  0x00000000       0x50 ./src/cr_startup_lpc84x.o
 .debug_ranges  0x00000050       0x30 ./src/gpio.o
 .debug_ranges  0x00000080       0x18 ./src/inializacion.o
 .debug_ranges  0x00000098       0x10 ./src/main.o
 .debug_ranges  0x000000a8       0x18 ./src/timer.o

.debug_macro    0x00000000     0x1052
 .debug_macro   0x00000000       0x23 ./src/cr_startup_lpc84x.o
 .debug_macro   0x00000023      0xa66 ./src/cr_startup_lpc84x.o
 .debug_macro   0x00000a89       0x1a ./src/crp.o
 .debug_macro   0x00000aa3       0x34 ./src/crp.o
 .debug_macro   0x00000ad7       0x54 ./src/gpio.o
 .debug_macro   0x00000b2b      0x2ed ./src/gpio.o
 .debug_macro   0x00000e18       0x3a ./src/gpio.o
 .debug_macro   0x00000e52       0x40 ./src/gpio.o
 .debug_macro   0x00000e92       0x54 ./src/inializacion.o
 .debug_macro   0x00000ee6       0x5d ./src/main.o
 .debug_macro   0x00000f43       0x82 ./src/main.o
 .debug_macro   0x00000fc5       0x29 ./src/mtb.o
 .debug_macro   0x00000fee       0x10 ./src/mtb.o
 .debug_macro   0x00000ffe       0x54 ./src/timer.o

.debug_line     0x00000000      0x89f
 .debug_line    0x00000000      0x14d ./src/cr_startup_lpc84x.o
 .debug_line    0x0000014d       0xb1 ./src/crp.o
 .debug_line    0x000001fe      0x1b0 ./src/gpio.o
 .debug_line    0x000003ae      0x117 ./src/inializacion.o
 .debug_line    0x000004c5      0x1dc ./src/main.o
 .debug_line    0x000006a1       0xce ./src/mtb.o
 .debug_line    0x0000076f      0x130 ./src/timer.o

.debug_str      0x00000000     0x4750
 .debug_str     0x00000000     0x2e2f ./src/cr_startup_lpc84x.o
                               0x2e42 (size before relaxing)
 .debug_str     0x00002e2f       0xe9 ./src/crp.o
                               0x2d57 (size before relaxing)
 .debug_str     0x00002f18     0x1002 ./src/gpio.o
                               0x3ca7 (size before relaxing)
 .debug_str     0x00003f1a      0x2ad ./src/inializacion.o
                               0x3eb9 (size before relaxing)
 .debug_str     0x000041c7      0x475 ./src/main.o
                               0x3fff (size before relaxing)
 .debug_str     0x0000463c       0xd0 ./src/mtb.o
                               0x318c (size before relaxing)
 .debug_str     0x0000470c       0x44 ./src/timer.o
                               0x3c36 (size before relaxing)

.comment        0x00000000       0x4d
 .comment       0x00000000       0x4d ./src/cr_startup_lpc84x.o
                                 0x4e (size before relaxing)
 .comment       0x0000004d       0x4e ./src/crp.o
 .comment       0x0000004d       0x4e ./src/gpio.o
 .comment       0x0000004d       0x4e ./src/inializacion.o
 .comment       0x0000004d       0x4e ./src/main.o
 .comment       0x0000004d       0x4e ./src/mtb.o
 .comment       0x0000004d       0x4e ./src/timer.o
 .comment       0x0000004d       0x4e c:/nxp/mcuxpressoide_11.4.0_6237/ide/plugins/com.nxp.mcuxpresso.tools.win32_11.4.0.202103011116/tools/bin/../lib/gcc/arm-none-eabi/10.2.1/../../../../arm-none-eabi/lib/thumb/v6-m/nofp\libcr_c.a(__weak__main.o)

.ARM.attributes
                0x00000000       0x28
 .ARM.attributes
                0x00000000       0x2c ./src/cr_startup_lpc84x.o
 .ARM.attributes
                0x0000002c       0x31 ./src/crp.o
 .ARM.attributes
                0x0000005d       0x2c ./src/gpio.o
 .ARM.attributes
                0x00000089       0x2c ./src/inializacion.o
 .ARM.attributes
                0x000000b5       0x2c ./src/main.o
 .ARM.attributes
                0x000000e1       0x31 ./src/mtb.o
 .ARM.attributes
                0x00000112       0x2c ./src/timer.o
 .ARM.attributes
                0x0000013e       0x2c c:/nxp/mcuxpressoide_11.4.0_6237/ide/plugins/com.nxp.mcuxpresso.tools.win32_11.4.0.202103011116/tools/bin/../lib/gcc/arm-none-eabi/10.2.1/../../../../arm-none-eabi/lib/thumb/v6-m/nofp\libcr_c.a(__weak__main.o)

.debug_frame    0x00000000      0x28c
 .debug_frame   0x00000000      0x118 ./src/cr_startup_lpc84x.o
 .debug_frame   0x00000118       0xb0 ./src/gpio.o
 .debug_frame   0x000001c8       0x48 ./src/inializacion.o
 .debug_frame   0x00000210       0x30 ./src/main.o
 .debug_frame   0x00000240       0x4c ./src/timer.o

Cross Reference Table

Symbol                                            File
ADC_OVR_IRQHandler                                ./src/cr_startup_lpc84x.o
ADC_SEQA_IRQHandler                               ./src/cr_startup_lpc84x.o
ADC_SEQB_IRQHandler                               ./src/cr_startup_lpc84x.o
ADC_THCMP_IRQHandler                              ./src/cr_startup_lpc84x.o
BOD_IRQHandler                                    ./src/cr_startup_lpc84x.o
CMP_IRQHandler                                    ./src/cr_startup_lpc84x.o
CRP_WORD                                          ./src/crp.o
CTIMER0_IRQHandler                                ./src/cr_startup_lpc84x.o
DAC0_IRQHandler                                   ./src/cr_startup_lpc84x.o
DMA_IRQHandler                                    ./src/cr_startup_lpc84x.o
FAIM_IRQHandler                                   ./src/cr_startup_lpc84x.o
FLASH_IRQHandler                                  ./src/cr_startup_lpc84x.o
GetPIN                                            ./src/gpio.o
                                                  ./src/main.o
HardFault_Handler                                 ./src/cr_startup_lpc84x.o
I2C0_IRQHandler                                   ./src/cr_startup_lpc84x.o
I2C1_IRQHandler                                   ./src/cr_startup_lpc84x.o
I2C2_IRQHandler                                   ./src/cr_startup_lpc84x.o
I2C3_IRQHandler                                   ./src/cr_startup_lpc84x.o
IntDefaultHandler                                 ./src/cr_startup_lpc84x.o
MRT_IRQHandler                                    ./src/cr_startup_lpc84x.o
NMI_Handler                                       ./src/cr_startup_lpc84x.o
PININT0_IRQHandler                                ./src/cr_startup_lpc84x.o
PININT1_IRQHandler                                ./src/cr_startup_lpc84x.o
PININT2_IRQHandler                                ./src/cr_startup_lpc84x.o
PININT3_IRQHandler                                ./src/cr_startup_lpc84x.o
PININT4_IRQHandler                                ./src/cr_startup_lpc84x.o
PININT5_IRQHandler                                ./src/cr_startup_lpc84x.o
PININT6_IRQHandler                                ./src/cr_startup_lpc84x.o
PININT7_IRQHandler                                ./src/cr_startup_lpc84x.o
PendSV_Handler                                    ./src/cr_startup_lpc84x.o
ResetISR                                          ./src/cr_startup_lpc84x.o
SCT_IRQHandler                                    ./src/cr_startup_lpc84x.o
SPI0_IRQHandler                                   ./src/cr_startup_lpc84x.o
SPI1_IRQHandler                                   ./src/cr_startup_lpc84x.o
SVC_Handler                                       ./src/cr_startup_lpc84x.o
SetDIR                                            ./src/gpio.o
                                                  ./src/inializacion.o
SetPIN                                            ./src/gpio.o
                                                  ./src/main.o
                                                  ./src/inializacion.o
SetPINMODE_IN                                     ./src/gpio.o
                                                  ./src/inializacion.o
SetPINMODE_OUT                                    ./src/gpio.o
                                                  ./src/inializacion.o
SysTickInic                                       ./src/timer.o
                                                  ./src/inializacion.o
SysTick_Handler                                   ./src/timer.o
                                                  ./src/cr_startup_lpc84x.o
UART0_IRQHandler                                  ./src/cr_startup_lpc84x.o
UART1_IRQHandler                                  ./src/cr_startup_lpc84x.o
UART2_IRQHandler                                  ./src/cr_startup_lpc84x.o
WDT_IRQHandler                                    ./src/cr_startup_lpc84x.o
WKT_IRQHandler                                    ./src/cr_startup_lpc84x.o
__aeabi_idiv                                      ./src/aeabi_romdiv_patch.o
__aeabi_idivmod                                   ./src/aeabi_romdiv_patch.o
__aeabi_uidiv                                     ./src/aeabi_romdiv_patch.o
__aeabi_uidivmod                                  ./src/aeabi_romdiv_patch.o
__bss_section_table_end                           ./src/cr_startup_lpc84x.o
__data_section_table                              ./src/cr_startup_lpc84x.o
__data_section_table_end                          ./src/cr_startup_lpc84x.o
__main                                            c:/nxp/mcuxpressoide_11.4.0_6237/ide/plugins/com.nxp.mcuxpresso.tools.win32_11.4.0.202103011116/tools/bin/../lib/gcc/arm-none-eabi/10.2.1/../../../../arm-none-eabi/lib/thumb/v6-m/nofp\libcr_c.a(__weak__main.o)
                                                  ./src/cr_startup_lpc84x.o
__mtb_buffer__                                    ./src/mtb.o
__valid_user_code_checksum                        ./src/cr_startup_lpc84x.o
__weak_main                                       c:/nxp/mcuxpressoide_11.4.0_6237/ide/plugins/com.nxp.mcuxpresso.tools.win32_11.4.0.202103011116/tools/bin/../lib/gcc/arm-none-eabi/10.2.1/../../../../arm-none-eabi/lib/thumb/v6-m/nofp\libcr_c.a(__weak__main.o)
_vStackTop                                        ./src/cr_startup_lpc84x.o
bss_init                                          ./src/cr_startup_lpc84x.o
data_init                                         ./src/cr_startup_lpc84x.o
delay                                             ./src/main.o
                                                  ./src/timer.o
g_pfnVectors                                      ./src/cr_startup_lpc84x.o
inicializacion                                    ./src/inializacion.o
                                                  ./src/main.o
inicializacionGPIO                                ./src/inializacion.o
main                                              ./src/main.o
                                                  c:/nxp/mcuxpressoide_11.4.0_6237/ide/plugins/com.nxp.mcuxpresso.tools.win32_11.4.0.202103011116/tools/bin/../lib/gcc/arm-none-eabi/10.2.1/../../../../arm-none-eabi/lib/thumb/v6-m/nofp\libcr_c.a(__weak__main.o)
pDivRom_idiv                                      ./src/cr_startup_lpc84x.o
                                                  ./src/aeabi_romdiv_patch.o
pDivRom_uidiv                                     ./src/cr_startup_lpc84x.o
                                                  ./src/aeabi_romdiv_patch.o
