Archive member included to satisfy reference by file (symbol)

d:/programas/facultad/mcuxpressoide_11.7.0_9198/ide/plugins/com.nxp.mcuxpresso.tools.win32_11.7.0.202209140929/tools/bin/../lib/gcc/arm-none-eabi/10.3.1/../../../../arm-none-eabi/lib/thumb/v6-m/nofp\libcr_c.a(__weak__main.o)
                              ./src/cr_startup_lpc84x.o (__main)
d:/programas/facultad/mcuxpressoide_11.7.0_9198/ide/plugins/com.nxp.mcuxpresso.tools.win32_11.7.0.202209140929/tools/bin/../lib/gcc/arm-none-eabi/10.3.1/../../../../arm-none-eabi/lib/thumb/v6-m/nofp\libcr_c.a(strlen.o)
                              ./src/AP_FuncionesMDE.o (strlen)

Discarded input sections

 .group         0x00000000        0xc ./src/AP_FuncionesMDE.o
 .group         0x00000000        0xc ./src/AP_FuncionesMDE.o
 .group         0x00000000        0xc ./src/AP_FuncionesMDE.o
 .group         0x00000000        0xc ./src/AP_FuncionesMDE.o
 .group         0x00000000        0xc ./src/AP_FuncionesMDE.o
 .group         0x00000000        0xc ./src/AP_FuncionesMDE.o
 .group         0x00000000        0xc ./src/AP_FuncionesMDE.o
 .group         0x00000000        0xc ./src/AP_FuncionesMDE.o
 .group         0x00000000        0xc ./src/AP_FuncionesMDE.o
 .group         0x00000000        0xc ./src/AP_FuncionesMDE.o
 .group         0x00000000        0xc ./src/AP_FuncionesMDE.o
 .text          0x00000000        0x0 ./src/AP_FuncionesMDE.o
 .data          0x00000000        0x0 ./src/AP_FuncionesMDE.o
 .bss           0x00000000        0x0 ./src/AP_FuncionesMDE.o
 .group         0x00000000        0xc ./src/AP_Inicializacion.o
 .group         0x00000000        0xc ./src/AP_Inicializacion.o
 .group         0x00000000        0xc ./src/AP_Inicializacion.o
 .group         0x00000000        0xc ./src/AP_Inicializacion.o
 .group         0x00000000        0xc ./src/AP_Inicializacion.o
 .group         0x00000000        0xc ./src/AP_Inicializacion.o
 .group         0x00000000        0xc ./src/AP_Inicializacion.o
 .group         0x00000000        0xc ./src/AP_Inicializacion.o
 .group         0x00000000        0xc ./src/AP_Inicializacion.o
 .group         0x00000000        0xc ./src/AP_Inicializacion.o
 .text          0x00000000        0x0 ./src/AP_Inicializacion.o
 .data          0x00000000        0x0 ./src/AP_Inicializacion.o
 .bss           0x00000000        0x0 ./src/AP_Inicializacion.o
 .debug_macro   0x00000000      0xa66 ./src/AP_Inicializacion.o
 .debug_macro   0x00000000      0x380 ./src/AP_Inicializacion.o
 .debug_macro   0x00000000       0x46 ./src/AP_Inicializacion.o
 .debug_macro   0x00000000       0x1c ./src/AP_Inicializacion.o
 .debug_macro   0x00000000       0x10 ./src/AP_Inicializacion.o
 .debug_macro   0x00000000      0x12e ./src/AP_Inicializacion.o
 .debug_macro   0x00000000      0x5b3 ./src/AP_Inicializacion.o
 .debug_macro   0x00000000       0x4c ./src/AP_Inicializacion.o
 .debug_macro   0x00000000       0x34 ./src/AP_Inicializacion.o
 .debug_macro   0x00000000       0x22 ./src/AP_Inicializacion.o
 .group         0x00000000        0xc ./src/AP_MDE.o
 .group         0x00000000        0xc ./src/AP_MDE.o
 .group         0x00000000        0xc ./src/AP_MDE.o
 .group         0x00000000        0xc ./src/AP_MDE.o
 .group         0x00000000        0xc ./src/AP_MDE.o
 .group         0x00000000        0xc ./src/AP_MDE.o
 .group         0x00000000        0xc ./src/AP_MDE.o
 .group         0x00000000        0xc ./src/AP_MDE.o
 .group         0x00000000        0xc ./src/AP_MDE.o
 .group         0x00000000        0xc ./src/AP_MDE.o
 .group         0x00000000        0xc ./src/AP_MDE.o
 .text          0x00000000        0x0 ./src/AP_MDE.o
 .data          0x00000000        0x0 ./src/AP_MDE.o
 .bss           0x00000000        0x0 ./src/AP_MDE.o
 .debug_macro   0x00000000      0xa66 ./src/AP_MDE.o
 .debug_macro   0x00000000      0x380 ./src/AP_MDE.o
 .debug_macro   0x00000000       0x46 ./src/AP_MDE.o
 .debug_macro   0x00000000       0x1c ./src/AP_MDE.o
 .debug_macro   0x00000000       0x10 ./src/AP_MDE.o
 .debug_macro   0x00000000      0x12e ./src/AP_MDE.o
 .debug_macro   0x00000000      0x5b3 ./src/AP_MDE.o
 .debug_macro   0x00000000       0x4c ./src/AP_MDE.o
 .debug_macro   0x00000000       0x34 ./src/AP_MDE.o
 .debug_macro   0x00000000       0x22 ./src/AP_MDE.o
 .group         0x00000000        0xc ./src/LectorPasaporte.o
 .group         0x00000000        0xc ./src/LectorPasaporte.o
 .group         0x00000000        0xc ./src/LectorPasaporte.o
 .group         0x00000000        0xc ./src/LectorPasaporte.o
 .group         0x00000000        0xc ./src/LectorPasaporte.o
 .group         0x00000000        0xc ./src/LectorPasaporte.o
 .group         0x00000000        0xc ./src/LectorPasaporte.o
 .group         0x00000000        0xc ./src/LectorPasaporte.o
 .group         0x00000000        0xc ./src/LectorPasaporte.o
 .group         0x00000000        0xc ./src/LectorPasaporte.o
 .group         0x00000000        0xc ./src/LectorPasaporte.o
 .text          0x00000000        0x0 ./src/LectorPasaporte.o
 .data          0x00000000        0x0 ./src/LectorPasaporte.o
 .bss           0x00000000        0x0 ./src/LectorPasaporte.o
 .debug_macro   0x00000000      0xa66 ./src/LectorPasaporte.o
 .debug_macro   0x00000000      0x380 ./src/LectorPasaporte.o
 .debug_macro   0x00000000       0x46 ./src/LectorPasaporte.o
 .debug_macro   0x00000000       0x1c ./src/LectorPasaporte.o
 .debug_macro   0x00000000       0x10 ./src/LectorPasaporte.o
 .debug_macro   0x00000000      0x12e ./src/LectorPasaporte.o
 .debug_macro   0x00000000      0x5b3 ./src/LectorPasaporte.o
 .debug_macro   0x00000000       0x4c ./src/LectorPasaporte.o
 .debug_macro   0x00000000       0x34 ./src/LectorPasaporte.o
 .debug_macro   0x00000000       0x22 ./src/LectorPasaporte.o
 .text          0x00000000        0x0 ./src/aeabi_romdiv_patch.o
 .data          0x00000000        0x0 ./src/aeabi_romdiv_patch.o
 .bss           0x00000000        0x0 ./src/aeabi_romdiv_patch.o
 .text.__aeabi_idiv
                0x00000000       0x10 ./src/aeabi_romdiv_patch.o
 .group         0x00000000        0xc ./src/cr_startup_lpc84x.o
 .text          0x00000000        0x0 ./src/cr_startup_lpc84x.o
 .data          0x00000000        0x0 ./src/cr_startup_lpc84x.o
 .bss           0x00000000        0x0 ./src/cr_startup_lpc84x.o
 .debug_macro   0x00000000      0xa66 ./src/cr_startup_lpc84x.o
 .group         0x00000000        0xc ./src/crp.o
 .group         0x00000000        0xc ./src/crp.o
 .text          0x00000000        0x0 ./src/crp.o
 .data          0x00000000        0x0 ./src/crp.o
 .bss           0x00000000        0x0 ./src/crp.o
 .debug_macro   0x00000000      0xa66 ./src/crp.o
 .group         0x00000000        0xc ./src/mtb.o
 .group         0x00000000        0xc ./src/mtb.o
 .group         0x00000000        0xc ./src/mtb.o
 .text          0x00000000        0x0 ./src/mtb.o
 .data          0x00000000        0x0 ./src/mtb.o
 .bss           0x00000000        0x0 ./src/mtb.o
 .debug_macro   0x00000000      0xa66 ./src/mtb.o
 .debug_macro   0x00000000       0x82 ./src/mtb.o
 .group         0x00000000        0xc ./Drivers/Fun_GPIO.o
 .group         0x00000000        0xc ./Drivers/Fun_GPIO.o
 .text          0x00000000        0x0 ./Drivers/Fun_GPIO.o
 .data          0x00000000        0x0 ./Drivers/Fun_GPIO.o
 .bss           0x00000000        0x0 ./Drivers/Fun_GPIO.o
 .text.SetDIR   0x00000000       0x50 ./Drivers/Fun_GPIO.o
 .text.SetPINMODE_IN
                0x00000000       0x38 ./Drivers/Fun_GPIO.o
 .text.SetPINMODE_OUT
                0x00000000       0x3c ./Drivers/Fun_GPIO.o
 .debug_macro   0x00000000      0xa66 ./Drivers/Fun_GPIO.o
 .debug_macro   0x00000000      0x380 ./Drivers/Fun_GPIO.o
 .group         0x00000000        0xc ./Drivers/adc.o
 .group         0x00000000        0xc ./Drivers/adc.o
 .group         0x00000000        0xc ./Drivers/adc.o
 .group         0x00000000        0xc ./Drivers/adc.o
 .group         0x00000000        0xc ./Drivers/adc.o
 .group         0x00000000        0xc ./Drivers/adc.o
 .group         0x00000000        0xc ./Drivers/adc.o
 .text          0x00000000        0x0 ./Drivers/adc.o
 .data          0x00000000        0x0 ./Drivers/adc.o
 .bss           0x00000000        0x0 ./Drivers/adc.o
 .bss.adc_flag  0x00000000        0x1 ./Drivers/adc.o
 .bss.resultadoADC
                0x00000000        0x4 ./Drivers/adc.o
 .text.ADC_Init
                0x00000000       0xd4 ./Drivers/adc.o
 .text.Start_ADC
                0x00000000       0x1c ./Drivers/adc.o
 .debug_info    0x00000000      0x56d ./Drivers/adc.o
 .debug_abbrev  0x00000000       0xe3 ./Drivers/adc.o
 .debug_aranges
                0x00000000       0x28 ./Drivers/adc.o
 .debug_ranges  0x00000000       0x18 ./Drivers/adc.o
 .debug_macro   0x00000000       0x57 ./Drivers/adc.o
 .debug_macro   0x00000000      0xa66 ./Drivers/adc.o
 .debug_macro   0x00000000      0x380 ./Drivers/adc.o
 .debug_macro   0x00000000       0x10 ./Drivers/adc.o
 .debug_macro   0x00000000      0x12e ./Drivers/adc.o
 .debug_macro   0x00000000      0x5b3 ./Drivers/adc.o
 .debug_macro   0x00000000       0x34 ./Drivers/adc.o
 .debug_macro   0x00000000       0x1c ./Drivers/adc.o
 .debug_line    0x00000000      0x25d ./Drivers/adc.o
 .debug_str     0x00000000     0x594b ./Drivers/adc.o
 .comment       0x00000000       0x4a ./Drivers/adc.o
 .debug_frame   0x00000000       0x48 ./Drivers/adc.o
 .ARM.attributes
                0x00000000       0x2c ./Drivers/adc.o
 .group         0x00000000        0xc ./Drivers/swm.o
 .group         0x00000000        0xc ./Drivers/swm.o
 .group         0x00000000        0xc ./Drivers/swm.o
 .group         0x00000000        0xc ./Drivers/swm.o
 .group         0x00000000        0xc ./Drivers/swm.o
 .group         0x00000000        0xc ./Drivers/swm.o
 .text          0x00000000        0x0 ./Drivers/swm.o
 .data          0x00000000        0x0 ./Drivers/swm.o
 .bss           0x00000000        0x0 ./Drivers/swm.o
 .text.swm_power_on
                0x00000000       0x20 ./Drivers/swm.o
 .text.swm_power_off
                0x00000000       0x20 ./Drivers/swm.o
 .text.swm_select_usart0_txd
                0x00000000       0x34 ./Drivers/swm.o
 .text.swm_select_usart0_rxd
                0x00000000       0x3c ./Drivers/swm.o
 .debug_info    0x00000000      0x5b3 ./Drivers/swm.o
 .debug_abbrev  0x00000000      0x10e ./Drivers/swm.o
 .debug_aranges
                0x00000000       0x38 ./Drivers/swm.o
 .debug_ranges  0x00000000       0x28 ./Drivers/swm.o
 .debug_macro   0x00000000       0x4e ./Drivers/swm.o
 .debug_macro   0x00000000      0xa66 ./Drivers/swm.o
 .debug_macro   0x00000000       0x1c ./Drivers/swm.o
 .debug_macro   0x00000000       0x10 ./Drivers/swm.o
 .debug_macro   0x00000000      0x12e ./Drivers/swm.o
 .debug_macro   0x00000000      0x5b3 ./Drivers/swm.o
 .debug_macro   0x00000000      0x380 ./Drivers/swm.o
 .debug_line    0x00000000      0x280 ./Drivers/swm.o
 .debug_str     0x00000000     0x57f9 ./Drivers/swm.o
 .comment       0x00000000       0x4a ./Drivers/swm.o
 .debug_frame   0x00000000       0x88 ./Drivers/swm.o
 .ARM.attributes
                0x00000000       0x2c ./Drivers/swm.o
 .group         0x00000000        0xc ./Drivers/uart.o
 .group         0x00000000        0xc ./Drivers/uart.o
 .group         0x00000000        0xc ./Drivers/uart.o
 .group         0x00000000        0xc ./Drivers/uart.o
 .group         0x00000000        0xc ./Drivers/uart.o
 .group         0x00000000        0xc ./Drivers/uart.o
 .group         0x00000000        0xc ./Drivers/uart.o
 .text          0x00000000        0x0 ./Drivers/uart.o
 .data          0x00000000        0x0 ./Drivers/uart.o
 .bss           0x00000000        0x0 ./Drivers/uart.o
 .text.UART_Init
                0x00000000      0x118 ./Drivers/uart.o
 .debug_macro   0x00000000      0xa66 ./Drivers/uart.o
 .debug_macro   0x00000000       0x1c ./Drivers/uart.o
 .debug_macro   0x00000000       0x10 ./Drivers/uart.o
 .debug_macro   0x00000000      0x12e ./Drivers/uart.o
 .debug_macro   0x00000000      0x5b3 ./Drivers/uart.o
 .debug_macro   0x00000000      0x380 ./Drivers/uart.o
 .debug_macro   0x00000000       0x4c ./Drivers/uart.o
 .text          0x00000000        0x0 d:/programas/facultad/mcuxpressoide_11.7.0_9198/ide/plugins/com.nxp.mcuxpresso.tools.win32_11.7.0.202209140929/tools/bin/../lib/gcc/arm-none-eabi/10.3.1/../../../../arm-none-eabi/lib/thumb/v6-m/nofp\libcr_c.a(__weak__main.o)
 .data          0x00000000        0x0 d:/programas/facultad/mcuxpressoide_11.7.0_9198/ide/plugins/com.nxp.mcuxpresso.tools.win32_11.7.0.202209140929/tools/bin/../lib/gcc/arm-none-eabi/10.3.1/../../../../arm-none-eabi/lib/thumb/v6-m/nofp\libcr_c.a(__weak__main.o)
 .bss           0x00000000        0x0 d:/programas/facultad/mcuxpressoide_11.7.0_9198/ide/plugins/com.nxp.mcuxpresso.tools.win32_11.7.0.202209140929/tools/bin/../lib/gcc/arm-none-eabi/10.3.1/../../../../arm-none-eabi/lib/thumb/v6-m/nofp\libcr_c.a(__weak__main.o)
 .text          0x00000000        0x0 d:/programas/facultad/mcuxpressoide_11.7.0_9198/ide/plugins/com.nxp.mcuxpresso.tools.win32_11.7.0.202209140929/tools/bin/../lib/gcc/arm-none-eabi/10.3.1/../../../../arm-none-eabi/lib/thumb/v6-m/nofp\libcr_c.a(strlen.o)
 .data          0x00000000        0x0 d:/programas/facultad/mcuxpressoide_11.7.0_9198/ide/plugins/com.nxp.mcuxpresso.tools.win32_11.7.0.202209140929/tools/bin/../lib/gcc/arm-none-eabi/10.3.1/../../../../arm-none-eabi/lib/thumb/v6-m/nofp\libcr_c.a(strlen.o)
 .bss           0x00000000        0x0 d:/programas/facultad/mcuxpressoide_11.7.0_9198/ide/plugins/com.nxp.mcuxpresso.tools.win32_11.7.0.202209140929/tools/bin/../lib/gcc/arm-none-eabi/10.3.1/../../../../arm-none-eabi/lib/thumb/v6-m/nofp\libcr_c.a(strlen.o)

Memory Configuration

Name             Origin             Length             Attributes
MFlash64         0x00000000         0x00010000         xr
RamLoc16         0x10000000         0x00004000         xrw
*default*        0x00000000         0xffffffff

Linker script and memory map

LOAD ./src/AP_FuncionesMDE.o
LOAD ./src/AP_Inicializacion.o
LOAD ./src/AP_MDE.o
LOAD ./src/LectorPasaporte.o
LOAD ./src/aeabi_romdiv_patch.o
LOAD ./src/cr_startup_lpc84x.o
LOAD ./src/crp.o
LOAD ./src/mtb.o
LOAD ./Drivers/Fun_GPIO.o
LOAD ./Drivers/adc.o
LOAD ./Drivers/swm.o
LOAD ./Drivers/uart.o
START GROUP
LOAD d:/programas/facultad/mcuxpressoide_11.7.0_9198/ide/plugins/com.nxp.mcuxpresso.tools.win32_11.7.0.202209140929/tools/bin/../lib/gcc/arm-none-eabi/10.3.1/../../../../arm-none-eabi/lib/thumb/v6-m/nofp\libcr_c.a
LOAD d:/programas/facultad/mcuxpressoide_11.7.0_9198/ide/plugins/com.nxp.mcuxpresso.tools.win32_11.7.0.202209140929/tools/bin/../lib/gcc/arm-none-eabi/10.3.1/thumb/v6-m/nofp\libcr_eabihelpers.a
LOAD d:/programas/facultad/mcuxpressoide_11.7.0_9198/ide/plugins/com.nxp.mcuxpresso.tools.win32_11.7.0.202209140929/tools/bin/../lib/gcc/arm-none-eabi/10.3.1/thumb/v6-m/nofp\libgcc.a
END GROUP
                0x00000000                __base_MFlash64 = 0x0
                0x00000000                __base_Flash = 0x0
                0x00010000                __top_MFlash64 = 0x10000
                0x00010000                __top_Flash = 0x10000
                0x10000000                __base_RamLoc16 = 0x10000000
                0x10000000                __base_RAM = 0x10000000
                0x10004000                __top_RamLoc16 = 0x10004000
                0x10004000                __top_RAM = 0x10004000

.text           0x00000000      0xbdc
 FILL mask 0xff
                0x00000000                __vectors_start__ = ABSOLUTE (.)
 *(.isr_vector)
 .isr_vector    0x00000000       0xc0 ./src/cr_startup_lpc84x.o
                0x00000000                g_pfnVectors
                0x000000c0                . = ALIGN (0x4)
                0x000000c0                __section_table_start = .
                0x000000c0                __data_section_table = .
                0x000000c0        0x4 LONG 0xbdc LOADADDR (.data)
                0x000000c4        0x4 LONG 0x10000100 ADDR (.data)
                0x000000c8        0x4 LONG 0x0 SIZEOF (.data)
                0x000000cc                __data_section_table_end = .
                0x000000cc                __bss_section_table = .
                0x000000cc        0x4 LONG 0x10000100 ADDR (.bss)
                0x000000d0        0x4 LONG 0xec SIZEOF (.bss)
                0x000000d4                __bss_section_table_end = .
                0x000000d4                __section_table_end = .
 *(.after_vectors*)
 .after_vectors
                0x000000d4      0x144 ./src/cr_startup_lpc84x.o
                0x000000d4                data_init
                0x00000116                bss_init
                0x0000014c                ResetISR
                0x000001f4                NMI_Handler
                0x000001fa                HardFault_Handler
                0x00000200                SVC_Handler
                0x00000206                PendSV_Handler
                0x00000212                PININT1_IRQHandler
                0x00000212                PININT2_IRQHandler
                0x00000212                MRT_IRQHandler
                0x00000212                I2C1_IRQHandler
                0x00000212                UART1_IRQHandler
                0x00000212                ADC_SEQB_IRQHandler
                0x00000212                WKT_IRQHandler
                0x00000212                SPI1_IRQHandler
                0x00000212                I2C0_IRQHandler
                0x00000212                ADC_OVR_IRQHandler
                0x00000212                I2C2_IRQHandler
                0x00000212                PININT7_IRQHandler
                0x00000212                PININT3_IRQHandler
                0x00000212                UART2_IRQHandler
                0x00000212                PININT5_IRQHandler
                0x00000212                PININT4_IRQHandler
                0x00000212                ADC_THCMP_IRQHandler
                0x00000212                PININT0_IRQHandler
                0x00000212                BOD_IRQHandler
                0x00000212                I2C3_IRQHandler
                0x00000212                SCT_IRQHandler
                0x00000212                WDT_IRQHandler
                0x00000212                IntDefaultHandler
                0x00000212                FAIM_IRQHandler
                0x00000212                DAC0_IRQHandler
                0x00000212                PININT6_IRQHandler
                0x00000212                SPI0_IRQHandler
                0x00000212                CMP_IRQHandler
                0x00000212                DMA_IRQHandler
                0x00000212                FLASH_IRQHandler
                0x00000212                CTIMER0_IRQHandler
                0x000002fc                . = 0x2fc
 *fill*         0x00000218       0xe4 ff
                0x000002fc                PROVIDE (__CRP_WORD_START__ = .)
 *(.crp)
 .crp           0x000002fc        0x4 ./src/crp.o
                0x000002fc                CRP_WORD
                0x00000300                PROVIDE (__CRP_WORD_END__ = .)
                0x00000001                ASSERT (! ((__CRP_WORD_START__ == __CRP_WORD_END__)), Linker CRP Enabled, but no CRP_WORD provided within application)
 *(.text*)
 .text.f_ApagarLedRojo
                0x00000300       0x14 ./src/AP_FuncionesMDE.o
                0x00000300                f_ApagarLedRojo
 .text.f_Enviar_trama
                0x00000314       0x4c ./src/AP_FuncionesMDE.o
                0x00000314                f_Enviar_trama
 .text.f_Iniciar_Timer
                0x00000360       0x24 ./src/AP_FuncionesMDE.o
                0x00000360                f_Iniciar_Timer
 .text.f_Apagar_Timer
                0x00000384       0x20 ./src/AP_FuncionesMDE.o
                0x00000384                f_Apagar_Timer
 .text.set_intensidad
                0x000003a4       0x54 ./src/AP_FuncionesMDE.o
                0x000003a4                set_intensidad
 .text.f_LuzDimmer_ON
                0x000003f8        0xe ./src/AP_FuncionesMDE.o
                0x000003f8                f_LuzDimmer_ON
 .text.f_PrenderLedRojo
                0x00000406       0x14 ./src/AP_FuncionesMDE.o
                0x00000406                f_PrenderLedRojo
 *fill*         0x0000041a        0x2 ff
 .text.f_luzDimmer_OFF
                0x0000041c       0x20 ./src/AP_FuncionesMDE.o
                0x0000041c                f_luzDimmer_OFF
 .text.checksum
                0x0000043c       0x80 ./src/AP_FuncionesMDE.o
                0x0000043c                checksum
 .text.ADC_SEQA_IRQHandler
                0x000004bc       0x1c ./src/AP_FuncionesMDE.o
                0x000004bc                ADC_SEQA_IRQHandler
 .text.SysTick_Handler
                0x000004d8       0x6c ./src/AP_FuncionesMDE.o
                0x000004d8                SysTick_Handler
 .text.Inicializar_Sensor
                0x00000544       0x38 ./src/AP_Inicializacion.o
 .text.init_PWM
                0x0000057c       0x5c ./src/AP_Inicializacion.o
 .text.Inicializar
                0x000005d8       0x12 ./src/AP_Inicializacion.o
                0x000005d8                Inicializar
 *fill*         0x000005ea        0x2 ff
 .text.Sensor   0x000005ec       0xe8 ./src/AP_MDE.o
 .text.Analisis_Trama
                0x000006d4      0x198 ./src/AP_MDE.o
 .text.MaquinaDeEstados
                0x0000086c       0x34 ./src/AP_MDE.o
                0x0000086c                MaquinaDeEstados
 .text.main     0x000008a0        0xe ./src/LectorPasaporte.o
                0x000008a0                main
 *fill*         0x000008ae        0x2 ff
 .text.__aeabi_uidiv
                0x000008b0       0x10 ./src/aeabi_romdiv_patch.o
                0x000008b0                __aeabi_uidivmod
                0x000008b0                __aeabi_uidiv
 .text.SetPIN   0x000008c0       0x50 ./Drivers/Fun_GPIO.o
                0x000008c0                SetPIN
 .text.GetPIN   0x00000910       0x36 ./Drivers/Fun_GPIO.o
                0x00000910                GetPIN
 *fill*         0x00000946        0x2 ff
 .text.pushTx   0x00000948       0x5c ./Drivers/uart.o
                0x00000948                pushTx
 .text.popTx    0x000009a4       0x58 ./Drivers/uart.o
                0x000009a4                popTx
 .text.pushRx   0x000009fc       0x38 ./Drivers/uart.o
                0x000009fc                pushRx
 .text.popRx    0x00000a34       0x58 ./Drivers/uart.o
                0x00000a34                popRx
 .text.UART0_IRQHandler
                0x00000a8c       0x6c ./Drivers/uart.o
                0x00000a8c                UART0_IRQHandler
 .text.Transmitir
                0x00000af8       0x62 ./Drivers/uart.o
                0x00000af8                Transmitir
 .text.__weak_main
                0x00000b5a        0x8 d:/programas/facultad/mcuxpressoide_11.7.0_9198/ide/plugins/com.nxp.mcuxpresso.tools.win32_11.7.0.202209140929/tools/bin/../lib/gcc/arm-none-eabi/10.3.1/../../../../arm-none-eabi/lib/thumb/v6-m/nofp\libcr_c.a(__weak__main.o)
                0x00000b5a                __weak_main
                0x00000b5a                __main
 *fill*         0x00000b62        0x2 ff
 .text.strlen   0x00000b64       0x58 d:/programas/facultad/mcuxpressoide_11.7.0_9198/ide/plugins/com.nxp.mcuxpresso.tools.win32_11.7.0.202209140929/tools/bin/../lib/gcc/arm-none-eabi/10.3.1/../../../../arm-none-eabi/lib/thumb/v6-m/nofp\libcr_c.a(strlen.o)
                0x00000b64                strlen
 *(.rodata .rodata.* .constdata .constdata.*)
 .rodata.f_Enviar_trama.str1.4
                0x00000bbc        0x6 ./src/AP_FuncionesMDE.o
 *fill*         0x00000bc2        0x2 ff
 .rodata.Analisis_Trama
                0x00000bc4       0x18 ./src/AP_MDE.o
                0x00000bdc                . = ALIGN (0x4)

.glue_7         0x00000bdc        0x0
 .glue_7        0x00000bdc        0x0 linker stubs

.glue_7t        0x00000bdc        0x0
 .glue_7t       0x00000bdc        0x0 linker stubs

.vfp11_veneer   0x00000bdc        0x0
 .vfp11_veneer  0x00000bdc        0x0 linker stubs

.v4_bx          0x00000bdc        0x0
 .v4_bx         0x00000bdc        0x0 linker stubs

.iplt           0x00000bdc        0x0
 .iplt          0x00000bdc        0x0 ./src/AP_FuncionesMDE.o

.rel.dyn        0x00000bdc        0x0
 .rel.iplt      0x00000bdc        0x0 ./src/AP_FuncionesMDE.o

.ARM.extab
 *(.ARM.extab* .gnu.linkonce.armextab.*)

.ARM.exidx      0x00000bdc        0x0
                0x00000bdc                __exidx_start = .
 *(.ARM.exidx* .gnu.linkonce.armexidx.*)
                0x00000bdc                __exidx_end = .
                0x00000bdc                _etext = .

.mtb_buffer_default
                0x10000000      0x100
 *(.mtb*)
 .mtb.$RAM1     0x10000000      0x100 ./src/mtb.o
                0x10000000                __mtb_buffer__

.uninit_RESERVED
                0x10000100        0x0
                0x10000100                _start_uninit_RESERVED = .
 *(.bss.$RESERVED*)
                0x10000100                . = ALIGN (0x4)
                0x10000100                _end_uninit_RESERVED = .

.data           0x10000100        0x0 load address 0x00000bdc
 FILL mask 0xff
                0x10000100                _data = .
                [!provide]                PROVIDE (__start_data_RAM = .)
                [!provide]                PROVIDE (__start_data_RamLoc16 = .)
 *(vtable)
 *(.ramfunc*)
 *(CodeQuickAccess)
 *(DataQuickAccess)
 *(RamFunction)
 *(.data*)
                0x10000100                . = ALIGN (0x4)
                0x10000100                _edata = .
                [!provide]                PROVIDE (__end_data_RAM = .)
                [!provide]                PROVIDE (__end_data_RamLoc16 = .)

.igot.plt       0x10000100        0x0 load address 0x00000bdc
 .igot.plt      0x10000100        0x0 ./src/AP_FuncionesMDE.o

.bss            0x10000100       0xec
                0x10000100                _bss = .
                [!provide]                PROVIDE (__start_bss_RAM = .)
                [!provide]                PROVIDE (__start_bss_RamLoc16 = .)
 *(.bss*)
 .bss.dato_adc  0x10000100        0x4 ./src/AP_FuncionesMDE.o
                0x10000100                dato_adc
 .bss.Tiempo    0x10000104        0x4 ./src/AP_FuncionesMDE.o
                0x10000104                Tiempo
 .bss.stop      0x10000108        0x4 ./src/AP_FuncionesMDE.o
                0x10000108                stop
 .bss.SensorProx
                0x1000010c        0x4 ./src/AP_MDE.o
                0x1000010c                SensorProx
 .bss.FlagTim   0x10000110        0x4 ./src/AP_MDE.o
                0x10000110                FlagTim
 .bss.TramaOK   0x10000114        0x4 ./src/AP_MDE.o
                0x10000114                TramaOK
 .bss.dato      0x10000118        0x1 ./src/AP_MDE.o
                0x10000118                dato
 *fill*         0x10000119        0x3 
 .bss.cont      0x1000011c        0x4 ./src/AP_MDE.o
                0x1000011c                cont
 .bss.error     0x10000120        0x4 ./src/AP_MDE.o
                0x10000120                error
 .bss.cant      0x10000124        0x4 ./src/AP_MDE.o
                0x10000124                cant
 .bss.num       0x10000128        0x4 ./src/AP_MDE.o
                0x10000128                num
 .bss.nombres   0x1000012c       0x14 ./src/AP_MDE.o
                0x1000012c                nombres
 .bss.pasaporte
                0x10000140        0x8 ./src/AP_MDE.o
                0x10000140                pasaporte
 .bss.estados_Sensor.1
                0x10000148        0x4 ./src/AP_MDE.o
 .bss.estados_Analisis_Trama.0
                0x1000014c        0x4 ./src/AP_MDE.o
 .bss.pDivRom_idiv
                0x10000150        0x4 ./src/cr_startup_lpc84x.o
                0x10000150                pDivRom_idiv
 .bss.pDivRom_uidiv
                0x10000154        0x4 ./src/cr_startup_lpc84x.o
                0x10000154                pDivRom_uidiv
 .bss.BufferRx  0x10000158       0x40 ./Drivers/uart.o
 .bss.inx_rx_in
                0x10000198        0x4 ./Drivers/uart.o
 .bss.inx_rx_out
                0x1000019c        0x4 ./Drivers/uart.o
 .bss.BufferTx  0x100001a0       0x40 ./Drivers/uart.o
 .bss.inx_tx_in
                0x100001e0        0x4 ./Drivers/uart.o
 .bss.inx_tx_out
                0x100001e4        0x4 ./Drivers/uart.o
 .bss.txStart   0x100001e8        0x4 ./Drivers/uart.o
                0x100001e8                txStart
 *(COMMON)
                0x100001ec                . = ALIGN (0x4)
                0x100001ec                _ebss = .
                [!provide]                PROVIDE (__end_bss_RAM = .)
                [!provide]                PROVIDE (__end_bss_RamLoc16 = .)
                [!provide]                PROVIDE (end = .)

.noinit         0x100001ec        0x0
                0x100001ec                _noinit = .
                [!provide]                PROVIDE (__start_noinit_RAM = .)
                [!provide]                PROVIDE (__start_noinit_RamLoc16 = .)
 *(.noinit*)
                0x100001ec                . = ALIGN (0x4)
                0x100001ec                _end_noinit = .
                [!provide]                PROVIDE (__end_noinit_RAM = .)
                [!provide]                PROVIDE (__end_noinit_RamLoc16 = .)
                [!provide]                PROVIDE (_pvHeapStart = DEFINED (__user_heap_base)?__user_heap_base:.)
                0x10004000                PROVIDE (_vStackTop = DEFINED (__user_stack_top)?__user_stack_top:(__top_RamLoc16 - 0x0))
                0xefffbac3                PROVIDE (__valid_user_code_checksum = (0x0 - (((_vStackTop + (ResetISR + 0x1)) + (DEFINED (NMI_Handler)?NMI_Handler:M0_NMI_Handler + 0x1)) + (DEFINED (HardFault_Handler)?HardFault_Handler:M0_HardFault_Handler + 0x1))))
                0x00000000                _image_start = LOADADDR (.text)
                0x00000bdc                _image_end = (LOADADDR (.data) + SIZEOF (.data))
                0x00000bdc                _image_size = (_image_end - _image_start)
OUTPUT(LectorPasaporte.axf elf32-littlearm)
LOAD linker stubs

.debug_info     0x00000000     0x148f
 .debug_info    0x00000000      0x282 ./src/AP_FuncionesMDE.o
 .debug_info    0x00000282       0xee ./src/AP_Inicializacion.o
 .debug_info    0x00000370      0x217 ./src/AP_MDE.o
 .debug_info    0x00000587       0x86 ./src/LectorPasaporte.o
 .debug_info    0x0000060d       0x22 ./src/aeabi_romdiv_patch.o
 .debug_info    0x0000062f      0x262 ./src/cr_startup_lpc84x.o
 .debug_info    0x00000891       0x40 ./src/crp.o
 .debug_info    0x000008d1       0x54 ./src/mtb.o
 .debug_info    0x00000925      0x3b3 ./Drivers/Fun_GPIO.o
 .debug_info    0x00000cd8      0x7b7 ./Drivers/uart.o

.debug_abbrev   0x00000000      0x800
 .debug_abbrev  0x00000000      0x14e ./src/AP_FuncionesMDE.o
 .debug_abbrev  0x0000014e       0x81 ./src/AP_Inicializacion.o
 .debug_abbrev  0x000001cf      0x10a ./src/AP_MDE.o
 .debug_abbrev  0x000002d9       0x49 ./src/LectorPasaporte.o
 .debug_abbrev  0x00000322       0x12 ./src/aeabi_romdiv_patch.o
 .debug_abbrev  0x00000334      0x135 ./src/cr_startup_lpc84x.o
 .debug_abbrev  0x00000469       0x38 ./src/crp.o
 .debug_abbrev  0x000004a1       0x46 ./src/mtb.o
 .debug_abbrev  0x000004e7      0x167 ./Drivers/Fun_GPIO.o
 .debug_abbrev  0x0000064e      0x1b2 ./Drivers/uart.o

.debug_aranges  0x00000000      0x238
 .debug_aranges
                0x00000000       0x70 ./src/AP_FuncionesMDE.o
 .debug_aranges
                0x00000070       0x30 ./src/AP_Inicializacion.o
 .debug_aranges
                0x000000a0       0x30 ./src/AP_MDE.o
 .debug_aranges
                0x000000d0       0x20 ./src/LectorPasaporte.o
 .debug_aranges
                0x000000f0       0x28 ./src/aeabi_romdiv_patch.o
 .debug_aranges
                0x00000118       0x60 ./src/cr_startup_lpc84x.o
 .debug_aranges
                0x00000178       0x18 ./src/crp.o
 .debug_aranges
                0x00000190       0x18 ./src/mtb.o
 .debug_aranges
                0x000001a8       0x40 ./Drivers/Fun_GPIO.o
 .debug_aranges
                0x000001e8       0x50 ./Drivers/uart.o

.debug_ranges   0x00000000      0x190
 .debug_ranges  0x00000000       0x60 ./src/AP_FuncionesMDE.o
 .debug_ranges  0x00000060       0x20 ./src/AP_Inicializacion.o
 .debug_ranges  0x00000080       0x20 ./src/AP_MDE.o
 .debug_ranges  0x000000a0       0x10 ./src/LectorPasaporte.o
 .debug_ranges  0x000000b0       0x20 ./src/aeabi_romdiv_patch.o
 .debug_ranges  0x000000d0       0x50 ./src/cr_startup_lpc84x.o
 .debug_ranges  0x00000120       0x30 ./Drivers/Fun_GPIO.o
 .debug_ranges  0x00000150       0x40 ./Drivers/uart.o

.debug_macro    0x00000000     0x1a91
 .debug_macro   0x00000000       0xab ./src/AP_FuncionesMDE.o
 .debug_macro   0x000000ab      0xa66 ./src/AP_FuncionesMDE.o
 .debug_macro   0x00000b11      0x380 ./src/AP_FuncionesMDE.o
 .debug_macro   0x00000e91       0x46 ./src/AP_FuncionesMDE.o
 .debug_macro   0x00000ed7       0x1c ./src/AP_FuncionesMDE.o
 .debug_macro   0x00000ef3       0x10 ./src/AP_FuncionesMDE.o
 .debug_macro   0x00000f03      0x12e ./src/AP_FuncionesMDE.o
 .debug_macro   0x00001031      0x5b3 ./src/AP_FuncionesMDE.o
 .debug_macro   0x000015e4       0x4c ./src/AP_FuncionesMDE.o
 .debug_macro   0x00001630       0x34 ./src/AP_FuncionesMDE.o
 .debug_macro   0x00001664       0x22 ./src/AP_FuncionesMDE.o
 .debug_macro   0x00001686       0x1c ./src/AP_FuncionesMDE.o
 .debug_macro   0x000016a2       0x9a ./src/AP_Inicializacion.o
 .debug_macro   0x0000173c       0xdf ./src/AP_MDE.o
 .debug_macro   0x0000181b       0x22 ./src/AP_MDE.o
 .debug_macro   0x0000183d       0xa3 ./src/LectorPasaporte.o
 .debug_macro   0x000018e0       0x82 ./src/LectorPasaporte.o
 .debug_macro   0x00001962       0x23 ./src/cr_startup_lpc84x.o
 .debug_macro   0x00001985       0x1a ./src/crp.o
 .debug_macro   0x0000199f       0x34 ./src/crp.o
 .debug_macro   0x000019d3       0x29 ./src/mtb.o
 .debug_macro   0x000019fc       0x10 ./src/mtb.o
 .debug_macro   0x00001a0c       0x1a ./Drivers/Fun_GPIO.o
 .debug_macro   0x00001a26       0x6b ./Drivers/uart.o

.debug_line     0x00000000     0x16c0
 .debug_line    0x00000000      0x431 ./src/AP_FuncionesMDE.o
 .debug_line    0x00000431      0x2c8 ./src/AP_Inicializacion.o
 .debug_line    0x000006f9      0x422 ./src/AP_MDE.o
 .debug_line    0x00000b1b      0x321 ./src/LectorPasaporte.o
 .debug_line    0x00000e3c       0x65 ./src/aeabi_romdiv_patch.o
 .debug_line    0x00000ea1      0x14d ./src/cr_startup_lpc84x.o
 .debug_line    0x00000fee       0xc0 ./src/crp.o
 .debug_line    0x000010ae       0xdd ./src/mtb.o
 .debug_line    0x0000118b      0x19a ./Drivers/Fun_GPIO.o
 .debug_line    0x00001325      0x39b ./Drivers/uart.o

.debug_str      0x00000000     0x675c
 .debug_str     0x00000000     0x59ce ./src/AP_FuncionesMDE.o
                               0x5a47 (size before relaxing)
 .debug_str     0x000059ce       0x60 ./src/AP_Inicializacion.o
                               0x5952 (size before relaxing)
 .debug_str     0x00005a2e       0xb0 ./src/AP_MDE.o
                               0x5a25 (size before relaxing)
 .debug_str     0x00005ade      0x467 ./src/LectorPasaporte.o
                               0x5d45 (size before relaxing)
 .debug_str     0x00005f45       0x2a ./src/aeabi_romdiv_patch.o
                                 0xa4 (size before relaxing)
 .debug_str     0x00005f6f      0x1be ./src/cr_startup_lpc84x.o
                               0x2e61 (size before relaxing)
 .debug_str     0x0000612d       0xe9 ./src/crp.o
                               0x2d76 (size before relaxing)
 .debug_str     0x00006216       0xd0 ./src/mtb.o
                               0x31ab (size before relaxing)
 .debug_str     0x000062e6      0x10c ./Drivers/Fun_GPIO.o
                               0x3e91 (size before relaxing)
 .debug_str     0x000063f2      0x36a ./Drivers/uart.o
                               0x5a6d (size before relaxing)

.comment        0x00000000       0x49
 .comment       0x00000000       0x49 ./src/AP_FuncionesMDE.o
                                 0x4a (size before relaxing)
 .comment       0x00000049       0x4a ./src/AP_Inicializacion.o
 .comment       0x00000049       0x4a ./src/AP_MDE.o
 .comment       0x00000049       0x4a ./src/LectorPasaporte.o
 .comment       0x00000049       0x4a ./src/cr_startup_lpc84x.o
 .comment       0x00000049       0x4a ./src/crp.o
 .comment       0x00000049       0x4a ./src/mtb.o
 .comment       0x00000049       0x4a ./Drivers/Fun_GPIO.o
 .comment       0x00000049       0x4a ./Drivers/uart.o
 .comment       0x00000049       0x4a d:/programas/facultad/mcuxpressoide_11.7.0_9198/ide/plugins/com.nxp.mcuxpresso.tools.win32_11.7.0.202209140929/tools/bin/../lib/gcc/arm-none-eabi/10.3.1/../../../../arm-none-eabi/lib/thumb/v6-m/nofp\libcr_c.a(__weak__main.o)
 .comment       0x00000049       0x4a d:/programas/facultad/mcuxpressoide_11.7.0_9198/ide/plugins/com.nxp.mcuxpresso.tools.win32_11.7.0.202209140929/tools/bin/../lib/gcc/arm-none-eabi/10.3.1/../../../../arm-none-eabi/lib/thumb/v6-m/nofp\libcr_c.a(strlen.o)

.ARM.attributes
                0x00000000       0x2a
 .ARM.attributes
                0x00000000       0x2c ./src/AP_FuncionesMDE.o
 .ARM.attributes
                0x0000002c       0x2c ./src/AP_Inicializacion.o
 .ARM.attributes
                0x00000058       0x2c ./src/AP_MDE.o
 .ARM.attributes
                0x00000084       0x2c ./src/LectorPasaporte.o
 .ARM.attributes
                0x000000b0       0x1c ./src/aeabi_romdiv_patch.o
 .ARM.attributes
                0x000000cc       0x2c ./src/cr_startup_lpc84x.o
 .ARM.attributes
                0x000000f8       0x2c ./src/crp.o
 .ARM.attributes
                0x00000124       0x2c ./src/mtb.o
 .ARM.attributes
                0x00000150       0x2c ./Drivers/Fun_GPIO.o
 .ARM.attributes
                0x0000017c       0x2c ./Drivers/uart.o
 .ARM.attributes
                0x000001a8       0x2c d:/programas/facultad/mcuxpressoide_11.7.0_9198/ide/plugins/com.nxp.mcuxpresso.tools.win32_11.7.0.202209140929/tools/bin/../lib/gcc/arm-none-eabi/10.3.1/../../../../arm-none-eabi/lib/thumb/v6-m/nofp\libcr_c.a(__weak__main.o)
 .ARM.attributes
                0x000001d4       0x2c d:/programas/facultad/mcuxpressoide_11.7.0_9198/ide/plugins/com.nxp.mcuxpresso.tools.win32_11.7.0.202209140929/tools/bin/../lib/gcc/arm-none-eabi/10.3.1/../../../../arm-none-eabi/lib/thumb/v6-m/nofp\libcr_c.a(strlen.o)

.debug_frame    0x00000000      0x500
 .debug_frame   0x00000000      0x150 ./src/AP_FuncionesMDE.o
 .debug_frame   0x00000150       0x64 ./src/AP_Inicializacion.o
 .debug_frame   0x000001b4       0x6c ./src/AP_MDE.o
 .debug_frame   0x00000220       0x2c ./src/LectorPasaporte.o
 .debug_frame   0x0000024c      0x118 ./src/cr_startup_lpc84x.o
 .debug_frame   0x00000364       0xb0 ./Drivers/Fun_GPIO.o
 .debug_frame   0x00000414       0xec ./Drivers/uart.o

Cross Reference Table

Symbol                                            File
ADC_Init                                          ./Drivers/adc.o
ADC_OVR_IRQHandler                                ./src/cr_startup_lpc84x.o
ADC_SEQA_IRQHandler                               ./src/AP_FuncionesMDE.o
ADC_SEQB_IRQHandler                               ./src/cr_startup_lpc84x.o
ADC_THCMP_IRQHandler                              ./src/cr_startup_lpc84x.o
BOD_IRQHandler                                    ./src/cr_startup_lpc84x.o
CMP_IRQHandler                                    ./src/cr_startup_lpc84x.o
CRP_WORD                                          ./src/crp.o
CTIMER0_IRQHandler                                ./src/cr_startup_lpc84x.o
DAC0_IRQHandler                                   ./src/cr_startup_lpc84x.o
DMA_IRQHandler                                    ./src/cr_startup_lpc84x.o
FAIM_IRQHandler                                   ./src/cr_startup_lpc84x.o
FLASH_IRQHandler                                  ./src/cr_startup_lpc84x.o
FlagTim                                           ./src/AP_MDE.o
                                                  ./src/AP_Inicializacion.o
                                                  ./src/AP_FuncionesMDE.o
GetPIN                                            ./Drivers/Fun_GPIO.o
                                                  ./src/AP_FuncionesMDE.o
HardFault_Handler                                 ./src/cr_startup_lpc84x.o
I2C0_IRQHandler                                   ./src/cr_startup_lpc84x.o
I2C1_IRQHandler                                   ./src/cr_startup_lpc84x.o
I2C2_IRQHandler                                   ./src/cr_startup_lpc84x.o
I2C3_IRQHandler                                   ./src/cr_startup_lpc84x.o
Inicializar                                       ./src/AP_Inicializacion.o
                                                  ./src/LectorPasaporte.o
IntDefaultHandler                                 ./src/cr_startup_lpc84x.o
MRT_IRQHandler                                    ./src/cr_startup_lpc84x.o
MaquinaDeEstados                                  ./src/AP_MDE.o
                                                  ./src/LectorPasaporte.o
NMI_Handler                                       ./src/cr_startup_lpc84x.o
PININT0_IRQHandler                                ./src/cr_startup_lpc84x.o
PININT1_IRQHandler                                ./src/cr_startup_lpc84x.o
PININT2_IRQHandler                                ./src/cr_startup_lpc84x.o
PININT3_IRQHandler                                ./src/cr_startup_lpc84x.o
PININT4_IRQHandler                                ./src/cr_startup_lpc84x.o
PININT5_IRQHandler                                ./src/cr_startup_lpc84x.o
PININT6_IRQHandler                                ./src/cr_startup_lpc84x.o
PININT7_IRQHandler                                ./src/cr_startup_lpc84x.o
PendSV_Handler                                    ./src/cr_startup_lpc84x.o
ResetISR                                          ./src/cr_startup_lpc84x.o
SCT_IRQHandler                                    ./src/cr_startup_lpc84x.o
SPI0_IRQHandler                                   ./src/cr_startup_lpc84x.o
SPI1_IRQHandler                                   ./src/cr_startup_lpc84x.o
SVC_Handler                                       ./src/cr_startup_lpc84x.o
SensorProx                                        ./src/AP_MDE.o
                                                  ./src/AP_Inicializacion.o
                                                  ./src/AP_FuncionesMDE.o
SetDIR                                            ./Drivers/Fun_GPIO.o
SetPIN                                            ./Drivers/Fun_GPIO.o
                                                  ./src/AP_FuncionesMDE.o
SetPINMODE_IN                                     ./Drivers/Fun_GPIO.o
SetPINMODE_OUT                                    ./Drivers/Fun_GPIO.o
Start_ADC                                         ./Drivers/adc.o
SysTick_Handler                                   ./src/AP_FuncionesMDE.o
Tiempo                                            ./src/AP_FuncionesMDE.o
TramaOK                                           ./src/AP_MDE.o
                                                  ./src/AP_Inicializacion.o
Transmitir                                        ./Drivers/uart.o
                                                  ./src/AP_FuncionesMDE.o
UART0_IRQHandler                                  ./Drivers/uart.o
                                                  ./src/cr_startup_lpc84x.o
UART1_IRQHandler                                  ./src/cr_startup_lpc84x.o
UART2_IRQHandler                                  ./src/cr_startup_lpc84x.o
UART_Init                                         ./Drivers/uart.o
WDT_IRQHandler                                    ./src/cr_startup_lpc84x.o
WKT_IRQHandler                                    ./src/cr_startup_lpc84x.o
__aeabi_idiv                                      ./src/aeabi_romdiv_patch.o
__aeabi_idivmod                                   ./src/aeabi_romdiv_patch.o
__aeabi_uidiv                                     ./src/aeabi_romdiv_patch.o
                                                  ./src/AP_FuncionesMDE.o
__aeabi_uidivmod                                  ./src/aeabi_romdiv_patch.o
__bss_section_table_end                           ./src/cr_startup_lpc84x.o
__data_section_table                              ./src/cr_startup_lpc84x.o
__data_section_table_end                          ./src/cr_startup_lpc84x.o
__main                                            d:/programas/facultad/mcuxpressoide_11.7.0_9198/ide/plugins/com.nxp.mcuxpresso.tools.win32_11.7.0.202209140929/tools/bin/../lib/gcc/arm-none-eabi/10.3.1/../../../../arm-none-eabi/lib/thumb/v6-m/nofp\libcr_c.a(__weak__main.o)
                                                  ./src/cr_startup_lpc84x.o
__mtb_buffer__                                    ./src/mtb.o
__valid_user_code_checksum                        ./src/cr_startup_lpc84x.o
__weak_main                                       d:/programas/facultad/mcuxpressoide_11.7.0_9198/ide/plugins/com.nxp.mcuxpresso.tools.win32_11.7.0.202209140929/tools/bin/../lib/gcc/arm-none-eabi/10.3.1/../../../../arm-none-eabi/lib/thumb/v6-m/nofp\libcr_c.a(__weak__main.o)
_vStackTop                                        ./src/cr_startup_lpc84x.o
adc_flag                                          ./Drivers/adc.o
bss_init                                          ./src/cr_startup_lpc84x.o
cant                                              ./src/AP_MDE.o
                                                  ./src/AP_FuncionesMDE.o
checksum                                          ./src/AP_FuncionesMDE.o
                                                  ./src/AP_MDE.o
cont                                              ./src/AP_MDE.o
data_init                                         ./src/cr_startup_lpc84x.o
dato                                              ./src/AP_MDE.o
                                                  ./src/AP_Inicializacion.o
dato_adc                                          ./src/AP_FuncionesMDE.o
error                                             ./src/AP_MDE.o
                                                  ./src/AP_FuncionesMDE.o
f_ApagarLedRojo                                   ./src/AP_FuncionesMDE.o
                                                  ./src/AP_MDE.o
f_Apagar_Timer                                    ./src/AP_FuncionesMDE.o
                                                  ./src/AP_MDE.o
f_Enviar_trama                                    ./src/AP_FuncionesMDE.o
                                                  ./src/AP_MDE.o
f_Iniciar_Timer                                   ./src/AP_FuncionesMDE.o
                                                  ./src/AP_MDE.o
f_LuzDimmer_ON                                    ./src/AP_FuncionesMDE.o
                                                  ./src/AP_MDE.o
f_PrenderLedRojo                                  ./src/AP_FuncionesMDE.o
                                                  ./src/AP_MDE.o
f_luzDimmer_OFF                                   ./src/AP_FuncionesMDE.o
                                                  ./src/AP_MDE.o
g_pfnVectors                                      ./src/cr_startup_lpc84x.o
main                                              ./src/LectorPasaporte.o
                                                  d:/programas/facultad/mcuxpressoide_11.7.0_9198/ide/plugins/com.nxp.mcuxpresso.tools.win32_11.7.0.202209140929/tools/bin/../lib/gcc/arm-none-eabi/10.3.1/../../../../arm-none-eabi/lib/thumb/v6-m/nofp\libcr_c.a(__weak__main.o)
nombres                                           ./src/AP_MDE.o
                                                  ./src/AP_FuncionesMDE.o
num                                               ./src/AP_MDE.o
pDivRom_idiv                                      ./src/cr_startup_lpc84x.o
                                                  ./src/aeabi_romdiv_patch.o
pDivRom_uidiv                                     ./src/cr_startup_lpc84x.o
                                                  ./src/aeabi_romdiv_patch.o
pasaporte                                         ./src/AP_MDE.o
                                                  ./src/AP_FuncionesMDE.o
popRx                                             ./Drivers/uart.o
                                                  ./src/AP_MDE.o
popTx                                             ./Drivers/uart.o
pushRx                                            ./Drivers/uart.o
pushTx                                            ./Drivers/uart.o
resultadoADC                                      ./Drivers/adc.o
set_intensidad                                    ./src/AP_FuncionesMDE.o
stop                                              ./src/AP_FuncionesMDE.o
strlen                                            d:/programas/facultad/mcuxpressoide_11.7.0_9198/ide/plugins/com.nxp.mcuxpresso.tools.win32_11.7.0.202209140929/tools/bin/../lib/gcc/arm-none-eabi/10.3.1/../../../../arm-none-eabi/lib/thumb/v6-m/nofp\libcr_c.a(strlen.o)
                                                  ./Drivers/uart.o
                                                  ./src/AP_FuncionesMDE.o
swm_power_off                                     ./Drivers/swm.o
                                                  ./Drivers/uart.o
swm_power_on                                      ./Drivers/swm.o
                                                  ./Drivers/uart.o
swm_select_usart0_rxd                             ./Drivers/swm.o
                                                  ./Drivers/uart.o
swm_select_usart0_txd                             ./Drivers/swm.o
                                                  ./Drivers/uart.o
txStart                                           ./Drivers/uart.o
