Archive member included to satisfy reference by file (symbol)

c:/nxp/mcuxpressoide_11.3.0_5222/ide/plugins/com.nxp.mcuxpresso.tools.win32_11.3.0.202008311133/tools/bin/../lib/gcc/arm-none-eabi/9.3.1/../../../../arm-none-eabi/lib/thumb/v6-m/nofp\libcr_c.a(__weak__main.o)
                              ./src/drivers/cr_startup_lpc84x.o (__main)

Discarded input sections

 .group         0x00000000        0xc ./src/primitivas/AP_FuncionesMDE.o
 .group         0x00000000        0xc ./src/primitivas/AP_FuncionesMDE.o
 .group         0x00000000        0xc ./src/primitivas/AP_FuncionesMDE.o
 .group         0x00000000        0xc ./src/primitivas/AP_FuncionesMDE.o
 .group         0x00000000        0xc ./src/primitivas/AP_FuncionesMDE.o
 .group         0x00000000        0xc ./src/primitivas/AP_FuncionesMDE.o
 .text          0x00000000        0x0 ./src/primitivas/AP_FuncionesMDE.o
 .data          0x00000000        0x0 ./src/primitivas/AP_FuncionesMDE.o
 .bss           0x00000000        0x0 ./src/primitivas/AP_FuncionesMDE.o
 .group         0x00000000        0xc ./src/primitivas/AP_Inicializacion.o
 .text          0x00000000        0x0 ./src/primitivas/AP_Inicializacion.o
 .data          0x00000000        0x0 ./src/primitivas/AP_Inicializacion.o
 .bss           0x00000000        0x0 ./src/primitivas/AP_Inicializacion.o
 .debug_macro   0x00000000      0xa96 ./src/primitivas/AP_Inicializacion.o
 .group         0x00000000        0xc ./src/primitivas/AP_MDE.o
 .group         0x00000000        0xc ./src/primitivas/AP_MDE.o
 .text          0x00000000        0x0 ./src/primitivas/AP_MDE.o
 .data          0x00000000        0x0 ./src/primitivas/AP_MDE.o
 .bss           0x00000000        0x0 ./src/primitivas/AP_MDE.o
 .debug_macro   0x00000000      0xa96 ./src/primitivas/AP_MDE.o
 .debug_macro   0x00000000       0x22 ./src/primitivas/AP_MDE.o
 .group         0x00000000        0xc ./src/primitivas/botones.o
 .group         0x00000000        0xc ./src/primitivas/botones.o
 .group         0x00000000        0xc ./src/primitivas/botones.o
 .group         0x00000000        0xc ./src/primitivas/botones.o
 .group         0x00000000        0xc ./src/primitivas/botones.o
 .text          0x00000000        0x0 ./src/primitivas/botones.o
 .data          0x00000000        0x0 ./src/primitivas/botones.o
 .bss           0x00000000        0x0 ./src/primitivas/botones.o
 .debug_macro   0x00000000      0xa96 ./src/primitivas/botones.o
 .debug_macro   0x00000000      0x2ed ./src/primitivas/botones.o
 .debug_macro   0x00000000       0x3a ./src/primitivas/botones.o
 .debug_macro   0x00000000       0x40 ./src/primitivas/botones.o
 .text          0x00000000        0x0 ./src/drivers/aeabi_romdiv_patch.o
 .data          0x00000000        0x0 ./src/drivers/aeabi_romdiv_patch.o
 .bss           0x00000000        0x0 ./src/drivers/aeabi_romdiv_patch.o
 .text.__aeabi_idiv
                0x00000000       0x10 ./src/drivers/aeabi_romdiv_patch.o
 .text.__aeabi_uidiv
                0x00000000       0x10 ./src/drivers/aeabi_romdiv_patch.o
 .debug_line    0x00000000       0x6d ./src/drivers/aeabi_romdiv_patch.o
 .debug_info    0x00000000       0x22 ./src/drivers/aeabi_romdiv_patch.o
 .debug_abbrev  0x00000000       0x12 ./src/drivers/aeabi_romdiv_patch.o
 .debug_aranges
                0x00000000       0x28 ./src/drivers/aeabi_romdiv_patch.o
 .debug_str     0x00000000       0x8b ./src/drivers/aeabi_romdiv_patch.o
 .debug_ranges  0x00000000       0x20 ./src/drivers/aeabi_romdiv_patch.o
 .ARM.attributes
                0x00000000       0x1c ./src/drivers/aeabi_romdiv_patch.o
 .group         0x00000000        0xc ./src/drivers/cr_startup_lpc84x.o
 .text          0x00000000        0x0 ./src/drivers/cr_startup_lpc84x.o
 .data          0x00000000        0x0 ./src/drivers/cr_startup_lpc84x.o
 .bss           0x00000000        0x0 ./src/drivers/cr_startup_lpc84x.o
 .debug_macro   0x00000000      0xa96 ./src/drivers/cr_startup_lpc84x.o
 .group         0x00000000        0xc ./src/drivers/crp.o
 .group         0x00000000        0xc ./src/drivers/crp.o
 .text          0x00000000        0x0 ./src/drivers/crp.o
 .data          0x00000000        0x0 ./src/drivers/crp.o
 .bss           0x00000000        0x0 ./src/drivers/crp.o
 .debug_macro   0x00000000      0xa96 ./src/drivers/crp.o
 .group         0x00000000        0xc ./src/drivers/gpio.o
 .group         0x00000000        0xc ./src/drivers/gpio.o
 .group         0x00000000        0xc ./src/drivers/gpio.o
 .group         0x00000000        0xc ./src/drivers/gpio.o
 .group         0x00000000        0xc ./src/drivers/gpio.o
 .text          0x00000000        0x0 ./src/drivers/gpio.o
 .data          0x00000000        0x0 ./src/drivers/gpio.o
 .bss           0x00000000        0x0 ./src/drivers/gpio.o
 .debug_macro   0x00000000      0xa96 ./src/drivers/gpio.o
 .debug_macro   0x00000000      0x2ed ./src/drivers/gpio.o
 .debug_macro   0x00000000       0x3a ./src/drivers/gpio.o
 .debug_macro   0x00000000       0x40 ./src/drivers/gpio.o
 .debug_macro   0x00000000       0x34 ./src/drivers/gpio.o
 .group         0x00000000        0xc ./src/drivers/inializacion.o
 .group         0x00000000        0xc ./src/drivers/inializacion.o
 .group         0x00000000        0xc ./src/drivers/inializacion.o
 .group         0x00000000        0xc ./src/drivers/inializacion.o
 .group         0x00000000        0xc ./src/drivers/inializacion.o
 .text          0x00000000        0x0 ./src/drivers/inializacion.o
 .data          0x00000000        0x0 ./src/drivers/inializacion.o
 .bss           0x00000000        0x0 ./src/drivers/inializacion.o
 .debug_macro   0x00000000      0xa96 ./src/drivers/inializacion.o
 .debug_macro   0x00000000      0x2ed ./src/drivers/inializacion.o
 .debug_macro   0x00000000       0x3a ./src/drivers/inializacion.o
 .debug_macro   0x00000000       0x40 ./src/drivers/inializacion.o
 .debug_macro   0x00000000       0x34 ./src/drivers/inializacion.o
 .group         0x00000000        0xc ./src/drivers/mtb.o
 .group         0x00000000        0xc ./src/drivers/mtb.o
 .group         0x00000000        0xc ./src/drivers/mtb.o
 .text          0x00000000        0x0 ./src/drivers/mtb.o
 .data          0x00000000        0x0 ./src/drivers/mtb.o
 .bss           0x00000000        0x0 ./src/drivers/mtb.o
 .debug_macro   0x00000000      0xa96 ./src/drivers/mtb.o
 .group         0x00000000        0xc ./src/drivers/timer.o
 .group         0x00000000        0xc ./src/drivers/timer.o
 .group         0x00000000        0xc ./src/drivers/timer.o
 .group         0x00000000        0xc ./src/drivers/timer.o
 .group         0x00000000        0xc ./src/drivers/timer.o
 .text          0x00000000        0x0 ./src/drivers/timer.o
 .data          0x00000000        0x0 ./src/drivers/timer.o
 .bss           0x00000000        0x0 ./src/drivers/timer.o
 .text.SetTimer
                0x00000000       0x70 ./src/drivers/timer.o
 .text.GetTimer
                0x00000000       0x7c ./src/drivers/timer.o
 .text.StandByTimer
                0x00000000       0x2c ./src/drivers/timer.o
 .debug_macro   0x00000000      0xa96 ./src/drivers/timer.o
 .debug_macro   0x00000000      0x2ed ./src/drivers/timer.o
 .debug_macro   0x00000000       0x3a ./src/drivers/timer.o
 .debug_macro   0x00000000       0x40 ./src/drivers/timer.o
 .debug_macro   0x00000000       0x34 ./src/drivers/timer.o
 .group         0x00000000        0xc ./src/drivers/timer_handlers.o
 .text          0x00000000        0x0 ./src/drivers/timer_handlers.o
 .data          0x00000000        0x0 ./src/drivers/timer_handlers.o
 .bss           0x00000000        0x0 ./src/drivers/timer_handlers.o
 .debug_macro   0x00000000      0xa96 ./src/drivers/timer_handlers.o
 .group         0x00000000        0xc ./src/app/main.o
 .group         0x00000000        0xc ./src/app/main.o
 .group         0x00000000        0xc ./src/app/main.o
 .text          0x00000000        0x0 ./src/app/main.o
 .data          0x00000000        0x0 ./src/app/main.o
 .bss           0x00000000        0x0 ./src/app/main.o
 .debug_macro   0x00000000      0xa96 ./src/app/main.o
 .debug_macro   0x00000000      0x2ed ./src/app/main.o
 .debug_macro   0x00000000       0x2e ./src/app/main.o
 .text          0x00000000        0x0 c:/nxp/mcuxpressoide_11.3.0_5222/ide/plugins/com.nxp.mcuxpresso.tools.win32_11.3.0.202008311133/tools/bin/../lib/gcc/arm-none-eabi/9.3.1/../../../../arm-none-eabi/lib/thumb/v6-m/nofp\libcr_c.a(__weak__main.o)
 .data          0x00000000        0x0 c:/nxp/mcuxpressoide_11.3.0_5222/ide/plugins/com.nxp.mcuxpresso.tools.win32_11.3.0.202008311133/tools/bin/../lib/gcc/arm-none-eabi/9.3.1/../../../../arm-none-eabi/lib/thumb/v6-m/nofp\libcr_c.a(__weak__main.o)
 .bss           0x00000000        0x0 c:/nxp/mcuxpressoide_11.3.0_5222/ide/plugins/com.nxp.mcuxpresso.tools.win32_11.3.0.202008311133/tools/bin/../lib/gcc/arm-none-eabi/9.3.1/../../../../arm-none-eabi/lib/thumb/v6-m/nofp\libcr_c.a(__weak__main.o)

Memory Configuration

Name             Origin             Length             Attributes
MFlash64         0x00000000         0x00010000         xr
RamLoc16         0x10000000         0x00004000         xrw
*default*        0x00000000         0xffffffff

Linker script and memory map

LOAD ./src/primitivas/AP_FuncionesMDE.o
LOAD ./src/primitivas/AP_Inicializacion.o
LOAD ./src/primitivas/AP_MDE.o
LOAD ./src/primitivas/botones.o
LOAD ./src/drivers/aeabi_romdiv_patch.o
LOAD ./src/drivers/cr_startup_lpc84x.o
LOAD ./src/drivers/crp.o
LOAD ./src/drivers/gpio.o
LOAD ./src/drivers/inializacion.o
LOAD ./src/drivers/mtb.o
LOAD ./src/drivers/timer.o
LOAD ./src/drivers/timer_handlers.o
LOAD ./src/app/main.o
START GROUP
LOAD c:/nxp/mcuxpressoide_11.3.0_5222/ide/plugins/com.nxp.mcuxpresso.tools.win32_11.3.0.202008311133/tools/bin/../lib/gcc/arm-none-eabi/9.3.1/../../../../arm-none-eabi/lib/thumb/v6-m/nofp\libcr_c.a
LOAD c:/nxp/mcuxpressoide_11.3.0_5222/ide/plugins/com.nxp.mcuxpresso.tools.win32_11.3.0.202008311133/tools/bin/../lib/gcc/arm-none-eabi/9.3.1/thumb/v6-m/nofp\libcr_eabihelpers.a
LOAD c:/nxp/mcuxpressoide_11.3.0_5222/ide/plugins/com.nxp.mcuxpresso.tools.win32_11.3.0.202008311133/tools/bin/../lib/gcc/arm-none-eabi/9.3.1/thumb/v6-m/nofp\libgcc.a
END GROUP
                0x00000000                __base_MFlash64 = 0x0
                0x00000000                __base_Flash = 0x0
                0x00010000                __top_MFlash64 = 0x10000
                0x00010000                __top_Flash = 0x10000
                0x10000000                __base_RamLoc16 = 0x10000000
                0x10000000                __base_RAM = 0x10000000
                0x10004000                __top_RamLoc16 = 0x10004000
                0x10004000                __top_RAM = 0x10004000

.text           0x00000000      0xaf4
 FILL mask 0xff
                0x00000000                __vectors_start__ = ABSOLUTE (.)
 *(.isr_vector)
 .isr_vector    0x00000000       0xc0 ./src/drivers/cr_startup_lpc84x.o
                0x00000000                g_pfnVectors
                0x000000c0                . = ALIGN (0x4)
                0x000000c0                __section_table_start = .
                0x000000c0                __data_section_table = .
                0x000000c0        0x4 LONG 0xaf4 LOADADDR (.data)
                0x000000c4        0x4 LONG 0x10000100 ADDR (.data)
                0x000000c8        0x4 LONG 0x4 SIZEOF (.data)
                0x000000cc                __data_section_table_end = .
                0x000000cc                __bss_section_table = .
                0x000000cc        0x4 LONG 0x10000104 ADDR (.bss)
                0x000000d0        0x4 LONG 0x170 SIZEOF (.bss)
                0x000000d4                __bss_section_table_end = .
                0x000000d4                __section_table_end = .
 *(.after_vectors*)
 .after_vectors
                0x000000d4      0x144 ./src/drivers/cr_startup_lpc84x.o
                0x000000d4                data_init
                0x00000116                bss_init
                0x0000014c                ResetISR
                0x000001f4                NMI_Handler
                0x000001fa                HardFault_Handler
                0x00000200                SVC_Handler
                0x00000206                PendSV_Handler
                0x00000212                PININT1_IRQHandler
                0x00000212                PININT2_IRQHandler
                0x00000212                MRT_IRQHandler
                0x00000212                I2C1_IRQHandler
                0x00000212                UART1_IRQHandler
                0x00000212                ADC_SEQB_IRQHandler
                0x00000212                UART0_IRQHandler
                0x00000212                WKT_IRQHandler
                0x00000212                I2C0_IRQHandler
                0x00000212                IntDefaultHandler
                0x00000212                ADC_OVR_IRQHandler
                0x00000212                I2C2_IRQHandler
                0x00000212                PININT7_IRQHandler
                0x00000212                PININT3_IRQHandler
                0x00000212                UART2_IRQHandler
                0x00000212                PININT5_IRQHandler
                0x00000212                PININT4_IRQHandler
                0x00000212                ADC_THCMP_IRQHandler
                0x00000212                PININT0_IRQHandler
                0x00000212                BOD_IRQHandler
                0x00000212                I2C3_IRQHandler
                0x00000212                SCT_IRQHandler
                0x00000212                WDT_IRQHandler
                0x00000212                SPI1_IRQHandler
                0x00000212                ADC_SEQA_IRQHandler
                0x00000212                FAIM_IRQHandler
                0x00000212                DAC0_IRQHandler
                0x00000212                PININT6_IRQHandler
                0x00000212                SPI0_IRQHandler
                0x00000212                CMP_IRQHandler
                0x00000212                DMA_IRQHandler
                0x00000212                FLASH_IRQHandler
                0x00000212                CTIMER0_IRQHandler
                0x000002fc                . = 0x2fc
 *fill*         0x00000218       0xe4 ff
                0x000002fc                PROVIDE (__CRP_WORD_START__ = .)
 *(.crp)
 .crp           0x000002fc        0x4 ./src/drivers/crp.o
                0x000002fc                CRP_WORD
                0x00000300                PROVIDE (__CRP_WORD_END__ = .)
                0x00000001                ASSERT (! ((__CRP_WORD_START__ == __CRP_WORD_END__)), Linker CRP Enabled, but no CRP_WORD provided within application)
 *(.text*)
 .text.m_detener_timers
                0x00000300        0xe ./src/primitivas/AP_FuncionesMDE.o
                0x00000300                m_detener_timers
 *fill*         0x0000030e        0x2 ff
 .text.m_init_timer_boton_2s
                0x00000310       0x1c ./src/primitivas/AP_FuncionesMDE.o
                0x00000310                m_init_timer_boton_2s
 .text.m_init_timer_amarillo_5s
                0x0000032c       0x1c ./src/primitivas/AP_FuncionesMDE.o
                0x0000032c                m_init_timer_amarillo_5s
 .text.m_init_timer_rojo_30s
                0x00000348       0x1c ./src/primitivas/AP_FuncionesMDE.o
                0x00000348                m_init_timer_rojo_30s
 .text.m_init_timer_verde_20s
                0x00000364       0x1c ./src/primitivas/AP_FuncionesMDE.o
                0x00000364                m_init_timer_verde_20s
 .text.m_limpiar_flags
                0x00000380       0x3c ./src/primitivas/AP_FuncionesMDE.o
                0x00000380                m_limpiar_flags
 .text.m_prender_amarillo
                0x000003bc       0x28 ./src/primitivas/AP_FuncionesMDE.o
                0x000003bc                m_prender_amarillo
 .text.m_prender_rojo
                0x000003e4       0x28 ./src/primitivas/AP_FuncionesMDE.o
                0x000003e4                m_prender_rojo
 .text.m_prender_verde
                0x0000040c       0x28 ./src/primitivas/AP_FuncionesMDE.o
                0x0000040c                m_prender_verde
 .text.Inicializar_Luces
                0x00000434       0x3c ./src/primitivas/AP_Inicializacion.o
 .text.Inicializar
                0x00000470       0x12 ./src/primitivas/AP_Inicializacion.o
                0x00000470                Inicializar
 *fill*         0x00000482        0x2 ff
 .text.Luces    0x00000484      0x134 ./src/primitivas/AP_MDE.o
 .text.MaquinaDeEstados
                0x000005b8       0x20 ./src/primitivas/AP_MDE.o
                0x000005b8                MaquinaDeEstados
 .text.chequear_boton
                0x000005d8       0x28 ./src/primitivas/botones.o
                0x000005d8                chequear_boton
 .text.SetPIN   0x00000600       0x50 ./src/drivers/gpio.o
                0x00000600                SetPIN
 .text.SetDIR   0x00000650       0x50 ./src/drivers/gpio.o
                0x00000650                SetDIR
 .text.GetPIN   0x000006a0       0x36 ./src/drivers/gpio.o
                0x000006a0                GetPIN
 *fill*         0x000006d6        0x2 ff
 .text.SetPINMODE_IN
                0x000006d8       0x38 ./src/drivers/gpio.o
                0x000006d8                SetPINMODE_IN
 .text.SetPINMODE_OUT
                0x00000710       0x3c ./src/drivers/gpio.o
                0x00000710                SetPINMODE_OUT
 .text.inicializacionGPIO
                0x0000074c       0x88 ./src/drivers/inializacion.o
                0x0000074c                inicializacionGPIO
 .text.inicializacion_hw
                0x000007d4       0x1c ./src/drivers/inializacion.o
                0x000007d4                inicializacion_hw
 .text.AnalizarTimers
                0x000007f0       0x70 ./src/drivers/timer.o
                0x000007f0                AnalizarTimers
 .text.TimerEvent
                0x00000860       0x58 ./src/drivers/timer.o
                0x00000860                TimerEvent
 .text.TimerStart
                0x000008b8       0xc8 ./src/drivers/timer.o
                0x000008b8                TimerStart
 .text.TimerStop
                0x00000980       0x60 ./src/drivers/timer.o
                0x00000980                TimerStop
 .text.TimerClose
                0x000009e0       0x2c ./src/drivers/timer.o
                0x000009e0                TimerClose
 .text.SysTickInic
                0x00000a0c       0x54 ./src/drivers/timer.o
                0x00000a0c                SysTickInic
 .text.SysTick_Handler
                0x00000a60        0xe ./src/drivers/timer.o
                0x00000a60                SysTick_Handler
 *fill*         0x00000a6e        0x2 ff
 .text.timer_amar_Handler
                0x00000a70       0x14 ./src/drivers/timer_handlers.o
                0x00000a70                timer_amar_Handler
 .text.timer_boton_Handler
                0x00000a84       0x14 ./src/drivers/timer_handlers.o
                0x00000a84                timer_boton_Handler
 .text.timer_rojo_Handler
                0x00000a98       0x14 ./src/drivers/timer_handlers.o
                0x00000a98                timer_rojo_Handler
 .text.timer_verde_Handler
                0x00000aac       0x14 ./src/drivers/timer_handlers.o
                0x00000aac                timer_verde_Handler
 .text.main     0x00000ac0       0x16 ./src/app/main.o
                0x00000ac0                main
 .text.__weak_main
                0x00000ad6        0x8 c:/nxp/mcuxpressoide_11.3.0_5222/ide/plugins/com.nxp.mcuxpresso.tools.win32_11.3.0.202008311133/tools/bin/../lib/gcc/arm-none-eabi/9.3.1/../../../../arm-none-eabi/lib/thumb/v6-m/nofp\libcr_c.a(__weak__main.o)
                0x00000ad6                __weak_main
                0x00000ad6                __main
 *(.rodata .rodata.* .constdata .constdata.*)
 *fill*         0x00000ade        0x2 ff
 .rodata.Luces  0x00000ae0       0x14 ./src/primitivas/AP_MDE.o
                0x00000af4                . = ALIGN (0x4)

.glue_7         0x00000af4        0x0
 .glue_7        0x00000af4        0x0 linker stubs

.glue_7t        0x00000af4        0x0
 .glue_7t       0x00000af4        0x0 linker stubs

.vfp11_veneer   0x00000af4        0x0
 .vfp11_veneer  0x00000af4        0x0 linker stubs

.v4_bx          0x00000af4        0x0
 .v4_bx         0x00000af4        0x0 linker stubs

.iplt           0x00000af4        0x0
 .iplt          0x00000af4        0x0 ./src/primitivas/AP_FuncionesMDE.o

.rel.dyn        0x00000af4        0x0
 .rel.iplt      0x00000af4        0x0 ./src/primitivas/AP_FuncionesMDE.o

.ARM.extab
 *(.ARM.extab* .gnu.linkonce.armextab.*)

.ARM.exidx      0x00000af4        0x0
                0x00000af4                __exidx_start = .
 *(.ARM.exidx* .gnu.linkonce.armexidx.*)
                0x00000af4                __exidx_end = .
                0x00000af4                _etext = .

.mtb_buffer_default
                0x10000000      0x100
 *(.mtb*)
 .mtb.$RAM1     0x10000000      0x100 ./src/drivers/mtb.o
                0x10000000                __mtb_buffer__

.uninit_RESERVED
                0x10000100        0x0
                0x10000100                _start_uninit_RESERVED = .
 *(.bss.$RESERVED*)
                0x10000100                . = ALIGN (0x4)
                0x10000100                _end_uninit_RESERVED = .

.data           0x10000100        0x4 load address 0x00000af4
 FILL mask 0xff
                0x10000100                _data = .
                [!provide]                PROVIDE (__start_data_RAM = .)
                [!provide]                PROVIDE (__start_data_RamLoc16 = .)
 *(vtable)
 *(.ramfunc*)
 *(CodeQuickAccess)
 *(DataQuickAccess)
 *(RamFunction)
 *(.data*)
 .data.reiniciado.3675
                0x10000100        0x4 ./src/primitivas/AP_MDE.o
                0x10000104                . = ALIGN (0x4)
                0x10000104                _edata = .
                [!provide]                PROVIDE (__end_data_RAM = .)
                [!provide]                PROVIDE (__end_data_RamLoc16 = .)

.igot.plt       0x10000104        0x0 load address 0x00000af8
 .igot.plt      0x10000104        0x0 ./src/primitivas/AP_FuncionesMDE.o

.bss            0x10000104      0x170
                0x10000104                _bss = .
                [!provide]                PROVIDE (__start_bss_RAM = .)
                [!provide]                PROVIDE (__start_bss_RamLoc16 = .)
 *(.bss*)
 .bss.flag_amarillo
                0x10000104        0x4 ./src/primitivas/AP_MDE.o
                0x10000104                flag_amarillo
 .bss.flag_verde
                0x10000108        0x4 ./src/primitivas/AP_MDE.o
                0x10000108                flag_verde
 .bss.flag_rojo
                0x1000010c        0x4 ./src/primitivas/AP_MDE.o
                0x1000010c                flag_rojo
 .bss.flag_boton
                0x10000110        0x4 ./src/primitivas/AP_MDE.o
                0x10000110                flag_boton
 .bss.flag_boton_repetido
                0x10000114        0x4 ./src/primitivas/AP_MDE.o
                0x10000114                flag_boton_repetido
 .bss.estados_Luces.3686
                0x10000118        0x4 ./src/primitivas/AP_MDE.o
 .bss.pDivRom_idiv
                0x1000011c        0x4 ./src/drivers/cr_startup_lpc84x.o
                0x1000011c                pDivRom_idiv
 .bss.pDivRom_uidiv
                0x10000120        0x4 ./src/drivers/cr_startup_lpc84x.o
                0x10000120                pDivRom_uidiv
 .bss.Tmr_Run   0x10000124       0x78 ./src/drivers/timer.o
                0x10000124                Tmr_Run
 .bss.TMR_Events
                0x1000019c       0x1e ./src/drivers/timer.o
                0x1000019c                TMR_Events
 *fill*         0x100001ba        0x2 
 .bss.TMR_handlers
                0x100001bc       0x78 ./src/drivers/timer.o
                0x100001bc                TMR_handlers
 .bss.TMR_StandBy
                0x10000234       0x1e ./src/drivers/timer.o
                0x10000234                TMR_StandBy
 *fill*         0x10000252        0x2 
 .bss.Tmr_Base  0x10000254       0x1e ./src/drivers/timer.o
                0x10000254                Tmr_Base
 *(COMMON)
                0x10000274                . = ALIGN (0x4)
 *fill*         0x10000272        0x2 
                0x10000274                _ebss = .
                [!provide]                PROVIDE (__end_bss_RAM = .)
                [!provide]                PROVIDE (__end_bss_RamLoc16 = .)
                [!provide]                PROVIDE (end = .)

.noinit         0x10000274        0x0
                0x10000274                _noinit = .
                [!provide]                PROVIDE (__start_noinit_RAM = .)
                [!provide]                PROVIDE (__start_noinit_RamLoc16 = .)
 *(.noinit*)
                0x10000274                . = ALIGN (0x4)
                0x10000274                _end_noinit = .
                [!provide]                PROVIDE (__end_noinit_RAM = .)
                [!provide]                PROVIDE (__end_noinit_RamLoc16 = .)
                [!provide]                PROVIDE (_pvHeapStart = DEFINED (__user_heap_base)?__user_heap_base:.)
                0x10004000                PROVIDE (_vStackTop = DEFINED (__user_stack_top)?__user_stack_top:(__top_RamLoc16 - 0x0))
                0xefffbac3                PROVIDE (__valid_user_code_checksum = (0x0 - (((_vStackTop + (ResetISR + 0x1)) + (DEFINED (NMI_Handler)?NMI_Handler:M0_NMI_Handler + 0x1)) + (DEFINED (HardFault_Handler)?HardFault_Handler:M0_HardFault_Handler + 0x1))))
                0x00000000                _image_start = LOADADDR (.text)
                0x00000af8                _image_end = (LOADADDR (.data) + SIZEOF (.data))
                0x00000af8                _image_size = (_image_end - _image_start)
OUTPUT(SemaforoMaquinaria.axf elf32-littlearm)
LOAD linker stubs

.debug_info     0x00000000     0x17b2
 .debug_info    0x00000000      0x1d6 ./src/primitivas/AP_FuncionesMDE.o
 .debug_info    0x000001d6       0x96 ./src/primitivas/AP_Inicializacion.o
 .debug_info    0x0000026c      0x119 ./src/primitivas/AP_MDE.o
 .debug_info    0x00000385      0x146 ./src/primitivas/botones.o
 .debug_info    0x000004cb      0x255 ./src/drivers/cr_startup_lpc84x.o
 .debug_info    0x00000720       0x40 ./src/drivers/crp.o
 .debug_info    0x00000760      0x43b ./src/drivers/gpio.o
 .debug_info    0x00000b9b      0x5af ./src/drivers/inializacion.o
 .debug_info    0x0000114a       0x54 ./src/drivers/mtb.o
 .debug_info    0x0000119e      0x3f7 ./src/drivers/timer.o
 .debug_info    0x00001595       0xba ./src/drivers/timer_handlers.o
 .debug_info    0x0000164f      0x163 ./src/app/main.o

.debug_abbrev   0x00000000      0x933
 .debug_abbrev  0x00000000       0xac ./src/primitivas/AP_FuncionesMDE.o
 .debug_abbrev  0x000000ac       0x6e ./src/primitivas/AP_Inicializacion.o
 .debug_abbrev  0x0000011a       0xa3 ./src/primitivas/AP_MDE.o
 .debug_abbrev  0x000001bd       0x90 ./src/primitivas/botones.o
 .debug_abbrev  0x0000024d      0x12a ./src/drivers/cr_startup_lpc84x.o
 .debug_abbrev  0x00000377       0x38 ./src/drivers/crp.o
 .debug_abbrev  0x000003af      0x179 ./src/drivers/gpio.o
 .debug_abbrev  0x00000528       0xf3 ./src/drivers/inializacion.o
 .debug_abbrev  0x0000061b       0x46 ./src/drivers/mtb.o
 .debug_abbrev  0x00000661      0x1c7 ./src/drivers/timer.o
 .debug_abbrev  0x00000828       0x56 ./src/drivers/timer_handlers.o
 .debug_abbrev  0x0000087e       0xb5 ./src/app/main.o

.debug_aranges  0x00000000      0x288
 .debug_aranges
                0x00000000       0x60 ./src/primitivas/AP_FuncionesMDE.o
 .debug_aranges
                0x00000060       0x28 ./src/primitivas/AP_Inicializacion.o
 .debug_aranges
                0x00000088       0x28 ./src/primitivas/AP_MDE.o
 .debug_aranges
                0x000000b0       0x20 ./src/primitivas/botones.o
 .debug_aranges
                0x000000d0       0x60 ./src/drivers/cr_startup_lpc84x.o
 .debug_aranges
                0x00000130       0x18 ./src/drivers/crp.o
 .debug_aranges
                0x00000148       0x40 ./src/drivers/gpio.o
 .debug_aranges
                0x00000188       0x28 ./src/drivers/inializacion.o
 .debug_aranges
                0x000001b0       0x18 ./src/drivers/mtb.o
 .debug_aranges
                0x000001c8       0x68 ./src/drivers/timer.o
 .debug_aranges
                0x00000230       0x38 ./src/drivers/timer_handlers.o
 .debug_aranges
                0x00000268       0x20 ./src/app/main.o

.debug_ranges   0x00000000      0x1b8
 .debug_ranges  0x00000000       0x50 ./src/primitivas/AP_FuncionesMDE.o
 .debug_ranges  0x00000050       0x18 ./src/primitivas/AP_Inicializacion.o
 .debug_ranges  0x00000068       0x18 ./src/primitivas/AP_MDE.o
 .debug_ranges  0x00000080       0x10 ./src/primitivas/botones.o
 .debug_ranges  0x00000090       0x50 ./src/drivers/cr_startup_lpc84x.o
 .debug_ranges  0x000000e0       0x30 ./src/drivers/gpio.o
 .debug_ranges  0x00000110       0x18 ./src/drivers/inializacion.o
 .debug_ranges  0x00000128       0x58 ./src/drivers/timer.o
 .debug_ranges  0x00000180       0x28 ./src/drivers/timer_handlers.o
 .debug_ranges  0x000001a8       0x10 ./src/app/main.o

.debug_macro    0x00000000     0x1226
 .debug_macro   0x00000000       0x70 ./src/primitivas/AP_FuncionesMDE.o
 .debug_macro   0x00000070      0xa96 ./src/primitivas/AP_FuncionesMDE.o
 .debug_macro   0x00000b06       0x22 ./src/primitivas/AP_FuncionesMDE.o
 .debug_macro   0x00000b28      0x2ed ./src/primitivas/AP_FuncionesMDE.o
 .debug_macro   0x00000e15       0x2e ./src/primitivas/AP_FuncionesMDE.o
 .debug_macro   0x00000e43       0x3a ./src/primitivas/AP_FuncionesMDE.o
 .debug_macro   0x00000e7d       0x40 ./src/primitivas/AP_FuncionesMDE.o
 .debug_macro   0x00000ebd       0x25 ./src/primitivas/AP_Inicializacion.o
 .debug_macro   0x00000ee2       0x42 ./src/primitivas/AP_MDE.o
 .debug_macro   0x00000f24       0x53 ./src/primitivas/botones.o
 .debug_macro   0x00000f77       0x34 ./src/primitivas/botones.o
 .debug_macro   0x00000fab       0x23 ./src/drivers/cr_startup_lpc84x.o
 .debug_macro   0x00000fce       0x1a ./src/drivers/crp.o
 .debug_macro   0x00000fe8       0x34 ./src/drivers/crp.o
 .debug_macro   0x0000101c       0x49 ./src/drivers/gpio.o
 .debug_macro   0x00001065       0x49 ./src/drivers/inializacion.o
 .debug_macro   0x000010ae       0x29 ./src/drivers/mtb.o
 .debug_macro   0x000010d7       0x82 ./src/drivers/mtb.o
 .debug_macro   0x00001159       0x10 ./src/drivers/mtb.o
 .debug_macro   0x00001169       0x5b ./src/drivers/timer.o
 .debug_macro   0x000011c4       0x25 ./src/drivers/timer_handlers.o
 .debug_macro   0x000011e9       0x3d ./src/app/main.o

.debug_line     0x00000000      0xfd5
 .debug_line    0x00000000      0x1e6 ./src/primitivas/AP_FuncionesMDE.o
 .debug_line    0x000001e6       0xff ./src/primitivas/AP_Inicializacion.o
 .debug_line    0x000002e5      0x195 ./src/primitivas/AP_MDE.o
 .debug_line    0x0000047a       0xf6 ./src/primitivas/botones.o
 .debug_line    0x00000570      0x155 ./src/drivers/cr_startup_lpc84x.o
 .debug_line    0x000006c5       0xb9 ./src/drivers/crp.o
 .debug_line    0x0000077e      0x1a2 ./src/drivers/gpio.o
 .debug_line    0x00000920      0x107 ./src/drivers/inializacion.o
 .debug_line    0x00000a27       0xd6 ./src/drivers/mtb.o
 .debug_line    0x00000afd      0x2d7 ./src/drivers/timer.o
 .debug_line    0x00000dd4      0x112 ./src/drivers/timer_handlers.o
 .debug_line    0x00000ee6       0xef ./src/app/main.o

.debug_str      0x00000000     0x4c4d
 .debug_str     0x00000000     0x3df8 ./src/primitivas/AP_FuncionesMDE.o
                               0x3e3c (size before relaxing)
 .debug_str     0x00003df8       0x5e ./src/primitivas/AP_Inicializacion.o
                               0x2def (size before relaxing)
 .debug_str     0x00003e56       0x79 ./src/primitivas/AP_MDE.o
                               0x2e43 (size before relaxing)
 .debug_str     0x00003ecf       0x2b ./src/primitivas/botones.o
                               0x3d4f (size before relaxing)
 .debug_str     0x00003efa      0x1ea ./src/drivers/cr_startup_lpc84x.o
                               0x2f3c (size before relaxing)
 .debug_str     0x000040e4       0xf1 ./src/drivers/crp.o
                               0x2e3d (size before relaxing)
 .debug_str     0x000041d5      0x116 ./src/drivers/gpio.o
                               0x3def (size before relaxing)
 .debug_str     0x000042eb      0x2b8 ./src/drivers/inializacion.o
                               0x4004 (size before relaxing)
 .debug_str     0x000045a3      0x521 ./src/drivers/mtb.o
                               0x3272 (size before relaxing)
 .debug_str     0x00004ac4      0x104 ./src/drivers/timer.o
                               0x3e2f (size before relaxing)
 .debug_str     0x00004bc8       0x6e ./src/drivers/timer_handlers.o
                               0x2e11 (size before relaxing)
 .debug_str     0x00004c36       0x17 ./src/app/main.o
                               0x3bfb (size before relaxing)

.comment        0x00000000       0x4c
 .comment       0x00000000       0x4c ./src/primitivas/AP_FuncionesMDE.o
                                 0x4d (size before relaxing)
 .comment       0x0000004c       0x4d ./src/primitivas/AP_Inicializacion.o
 .comment       0x0000004c       0x4d ./src/primitivas/AP_MDE.o
 .comment       0x0000004c       0x4d ./src/primitivas/botones.o
 .comment       0x0000004c       0x4d ./src/drivers/cr_startup_lpc84x.o
 .comment       0x0000004c       0x4d ./src/drivers/crp.o
 .comment       0x0000004c       0x4d ./src/drivers/gpio.o
 .comment       0x0000004c       0x4d ./src/drivers/inializacion.o
 .comment       0x0000004c       0x4d ./src/drivers/mtb.o
 .comment       0x0000004c       0x4d ./src/drivers/timer.o
 .comment       0x0000004c       0x4d ./src/drivers/timer_handlers.o
 .comment       0x0000004c       0x4d ./src/app/main.o
 .comment       0x0000004c       0x4d c:/nxp/mcuxpressoide_11.3.0_5222/ide/plugins/com.nxp.mcuxpresso.tools.win32_11.3.0.202008311133/tools/bin/../lib/gcc/arm-none-eabi/9.3.1/../../../../arm-none-eabi/lib/thumb/v6-m/nofp\libcr_c.a(__weak__main.o)

.ARM.attributes
                0x00000000       0x2a
 .ARM.attributes
                0x00000000       0x2c ./src/primitivas/AP_FuncionesMDE.o
 .ARM.attributes
                0x0000002c       0x2c ./src/primitivas/AP_Inicializacion.o
 .ARM.attributes
                0x00000058       0x2c ./src/primitivas/AP_MDE.o
 .ARM.attributes
                0x00000084       0x2c ./src/primitivas/botones.o
 .ARM.attributes
                0x000000b0       0x2c ./src/drivers/cr_startup_lpc84x.o
 .ARM.attributes
                0x000000dc       0x31 ./src/drivers/crp.o
 .ARM.attributes
                0x0000010d       0x2c ./src/drivers/gpio.o
 .ARM.attributes
                0x00000139       0x2c ./src/drivers/inializacion.o
 .ARM.attributes
                0x00000165       0x31 ./src/drivers/mtb.o
 .ARM.attributes
                0x00000196       0x2c ./src/drivers/timer.o
 .ARM.attributes
                0x000001c2       0x2c ./src/drivers/timer_handlers.o
 .ARM.attributes
                0x000001ee       0x2c ./src/app/main.o
 .ARM.attributes
                0x0000021a       0x2c c:/nxp/mcuxpressoide_11.3.0_5222/ide/plugins/com.nxp.mcuxpresso.tools.win32_11.3.0.202008311133/tools/bin/../lib/gcc/arm-none-eabi/9.3.1/../../../../arm-none-eabi/lib/thumb/v6-m/nofp\libcr_c.a(__weak__main.o)

.debug_frame    0x00000000      0x5d4
 .debug_frame   0x00000000      0x10c ./src/primitivas/AP_FuncionesMDE.o
 .debug_frame   0x0000010c       0x48 ./src/primitivas/AP_Inicializacion.o
 .debug_frame   0x00000154       0x4c ./src/primitivas/AP_MDE.o
 .debug_frame   0x000001a0       0x2c ./src/primitivas/botones.o
 .debug_frame   0x000001cc      0x118 ./src/drivers/cr_startup_lpc84x.o
 .debug_frame   0x000002e4       0xb0 ./src/drivers/gpio.o
 .debug_frame   0x00000394       0x48 ./src/drivers/inializacion.o
 .debug_frame   0x000003dc      0x14c ./src/drivers/timer.o
 .debug_frame   0x00000528       0x80 ./src/drivers/timer_handlers.o
 .debug_frame   0x000005a8       0x2c ./src/app/main.o

Cross Reference Table

Symbol                                            File
ADC_OVR_IRQHandler                                ./src/drivers/cr_startup_lpc84x.o
ADC_SEQA_IRQHandler                               ./src/drivers/cr_startup_lpc84x.o
ADC_SEQB_IRQHandler                               ./src/drivers/cr_startup_lpc84x.o
ADC_THCMP_IRQHandler                              ./src/drivers/cr_startup_lpc84x.o
AnalizarTimers                                    ./src/drivers/timer.o
BOD_IRQHandler                                    ./src/drivers/cr_startup_lpc84x.o
CMP_IRQHandler                                    ./src/drivers/cr_startup_lpc84x.o
CRP_WORD                                          ./src/drivers/crp.o
CTIMER0_IRQHandler                                ./src/drivers/cr_startup_lpc84x.o
DAC0_IRQHandler                                   ./src/drivers/cr_startup_lpc84x.o
DMA_IRQHandler                                    ./src/drivers/cr_startup_lpc84x.o
FAIM_IRQHandler                                   ./src/drivers/cr_startup_lpc84x.o
FLASH_IRQHandler                                  ./src/drivers/cr_startup_lpc84x.o
GetPIN                                            ./src/drivers/gpio.o
                                                  ./src/primitivas/botones.o
GetTimer                                          ./src/drivers/timer.o
HardFault_Handler                                 ./src/drivers/cr_startup_lpc84x.o
I2C0_IRQHandler                                   ./src/drivers/cr_startup_lpc84x.o
I2C1_IRQHandler                                   ./src/drivers/cr_startup_lpc84x.o
I2C2_IRQHandler                                   ./src/drivers/cr_startup_lpc84x.o
I2C3_IRQHandler                                   ./src/drivers/cr_startup_lpc84x.o
Inicializar                                       ./src/primitivas/AP_Inicializacion.o
                                                  ./src/app/main.o
IntDefaultHandler                                 ./src/drivers/cr_startup_lpc84x.o
MRT_IRQHandler                                    ./src/drivers/cr_startup_lpc84x.o
MaquinaDeEstados                                  ./src/primitivas/AP_MDE.o
                                                  ./src/app/main.o
NMI_Handler                                       ./src/drivers/cr_startup_lpc84x.o
PININT0_IRQHandler                                ./src/drivers/cr_startup_lpc84x.o
PININT1_IRQHandler                                ./src/drivers/cr_startup_lpc84x.o
PININT2_IRQHandler                                ./src/drivers/cr_startup_lpc84x.o
PININT3_IRQHandler                                ./src/drivers/cr_startup_lpc84x.o
PININT4_IRQHandler                                ./src/drivers/cr_startup_lpc84x.o
PININT5_IRQHandler                                ./src/drivers/cr_startup_lpc84x.o
PININT6_IRQHandler                                ./src/drivers/cr_startup_lpc84x.o
PININT7_IRQHandler                                ./src/drivers/cr_startup_lpc84x.o
PendSV_Handler                                    ./src/drivers/cr_startup_lpc84x.o
ResetISR                                          ./src/drivers/cr_startup_lpc84x.o
SCT_IRQHandler                                    ./src/drivers/cr_startup_lpc84x.o
SPI0_IRQHandler                                   ./src/drivers/cr_startup_lpc84x.o
SPI1_IRQHandler                                   ./src/drivers/cr_startup_lpc84x.o
SVC_Handler                                       ./src/drivers/cr_startup_lpc84x.o
SetDIR                                            ./src/drivers/gpio.o
                                                  ./src/drivers/inializacion.o
SetPIN                                            ./src/drivers/gpio.o
                                                  ./src/drivers/inializacion.o
                                                  ./src/primitivas/AP_FuncionesMDE.o
SetPINMODE_IN                                     ./src/drivers/gpio.o
                                                  ./src/drivers/inializacion.o
SetPINMODE_OUT                                    ./src/drivers/gpio.o
                                                  ./src/drivers/inializacion.o
SetTimer                                          ./src/drivers/timer.o
StandByTimer                                      ./src/drivers/timer.o
SysTickInic                                       ./src/drivers/timer.o
                                                  ./src/drivers/inializacion.o
SysTick_Handler                                   ./src/drivers/timer.o
                                                  ./src/drivers/cr_startup_lpc84x.o
TMR_Events                                        ./src/drivers/timer.o
TMR_StandBy                                       ./src/drivers/timer.o
TMR_handlers                                      ./src/drivers/timer.o
TimerClose                                        ./src/drivers/timer.o
                                                  ./src/primitivas/AP_FuncionesMDE.o
TimerEvent                                        ./src/drivers/timer.o
                                                  ./src/app/main.o
TimerStart                                        ./src/drivers/timer.o
                                                  ./src/primitivas/AP_FuncionesMDE.o
TimerStop                                         ./src/drivers/timer.o
Tmr_Base                                          ./src/drivers/timer.o
Tmr_Run                                           ./src/drivers/timer.o
UART0_IRQHandler                                  ./src/drivers/cr_startup_lpc84x.o
UART1_IRQHandler                                  ./src/drivers/cr_startup_lpc84x.o
UART2_IRQHandler                                  ./src/drivers/cr_startup_lpc84x.o
WDT_IRQHandler                                    ./src/drivers/cr_startup_lpc84x.o
WKT_IRQHandler                                    ./src/drivers/cr_startup_lpc84x.o
__aeabi_idiv                                      ./src/drivers/aeabi_romdiv_patch.o
__aeabi_idivmod                                   ./src/drivers/aeabi_romdiv_patch.o
__aeabi_uidiv                                     ./src/drivers/aeabi_romdiv_patch.o
                                                  ./src/drivers/timer.o
__aeabi_uidivmod                                  ./src/drivers/aeabi_romdiv_patch.o
__bss_section_table_end                           ./src/drivers/cr_startup_lpc84x.o
__data_section_table                              ./src/drivers/cr_startup_lpc84x.o
__data_section_table_end                          ./src/drivers/cr_startup_lpc84x.o
__main                                            c:/nxp/mcuxpressoide_11.3.0_5222/ide/plugins/com.nxp.mcuxpresso.tools.win32_11.3.0.202008311133/tools/bin/../lib/gcc/arm-none-eabi/9.3.1/../../../../arm-none-eabi/lib/thumb/v6-m/nofp\libcr_c.a(__weak__main.o)
                                                  ./src/drivers/cr_startup_lpc84x.o
__mtb_buffer__                                    ./src/drivers/mtb.o
__valid_user_code_checksum                        ./src/drivers/cr_startup_lpc84x.o
__weak_main                                       c:/nxp/mcuxpressoide_11.3.0_5222/ide/plugins/com.nxp.mcuxpresso.tools.win32_11.3.0.202008311133/tools/bin/../lib/gcc/arm-none-eabi/9.3.1/../../../../arm-none-eabi/lib/thumb/v6-m/nofp\libcr_c.a(__weak__main.o)
_vStackTop                                        ./src/drivers/cr_startup_lpc84x.o
bss_init                                          ./src/drivers/cr_startup_lpc84x.o
chequear_boton                                    ./src/primitivas/botones.o
                                                  ./src/app/main.o
data_init                                         ./src/drivers/cr_startup_lpc84x.o
flag_amarillo                                     ./src/primitivas/AP_MDE.o
                                                  ./src/drivers/timer_handlers.o
                                                  ./src/primitivas/AP_Inicializacion.o
                                                  ./src/primitivas/AP_FuncionesMDE.o
flag_boton                                        ./src/primitivas/AP_MDE.o
                                                  ./src/primitivas/botones.o
                                                  ./src/primitivas/AP_Inicializacion.o
                                                  ./src/primitivas/AP_FuncionesMDE.o
flag_boton_repetido                               ./src/primitivas/AP_MDE.o
                                                  ./src/drivers/timer_handlers.o
                                                  ./src/primitivas/AP_Inicializacion.o
                                                  ./src/primitivas/AP_FuncionesMDE.o
flag_rojo                                         ./src/primitivas/AP_MDE.o
                                                  ./src/drivers/timer_handlers.o
                                                  ./src/primitivas/AP_Inicializacion.o
                                                  ./src/primitivas/AP_FuncionesMDE.o
flag_verde                                        ./src/primitivas/AP_MDE.o
                                                  ./src/drivers/timer_handlers.o
                                                  ./src/primitivas/AP_Inicializacion.o
                                                  ./src/primitivas/AP_FuncionesMDE.o
g_pfnVectors                                      ./src/drivers/cr_startup_lpc84x.o
inicializacionGPIO                                ./src/drivers/inializacion.o
inicializacion_hw                                 ./src/drivers/inializacion.o
                                                  ./src/primitivas/AP_Inicializacion.o
m_detener_timers                                  ./src/primitivas/AP_FuncionesMDE.o
                                                  ./src/primitivas/AP_MDE.o
m_init_timer_amarillo_5s                          ./src/primitivas/AP_FuncionesMDE.o
                                                  ./src/primitivas/AP_MDE.o
m_init_timer_boton_2s                             ./src/primitivas/AP_FuncionesMDE.o
                                                  ./src/primitivas/AP_MDE.o
m_init_timer_rojo_30s                             ./src/primitivas/AP_FuncionesMDE.o
                                                  ./src/primitivas/AP_MDE.o
m_init_timer_verde_20s                            ./src/primitivas/AP_FuncionesMDE.o
                                                  ./src/primitivas/AP_MDE.o
m_limpiar_flags                                   ./src/primitivas/AP_FuncionesMDE.o
                                                  ./src/primitivas/AP_MDE.o
m_prender_amarillo                                ./src/primitivas/AP_FuncionesMDE.o
                                                  ./src/primitivas/AP_MDE.o
m_prender_rojo                                    ./src/primitivas/AP_FuncionesMDE.o
                                                  ./src/primitivas/AP_MDE.o
m_prender_verde                                   ./src/primitivas/AP_FuncionesMDE.o
                                                  ./src/primitivas/AP_MDE.o
main                                              ./src/app/main.o
                                                  c:/nxp/mcuxpressoide_11.3.0_5222/ide/plugins/com.nxp.mcuxpresso.tools.win32_11.3.0.202008311133/tools/bin/../lib/gcc/arm-none-eabi/9.3.1/../../../../arm-none-eabi/lib/thumb/v6-m/nofp\libcr_c.a(__weak__main.o)
pDivRom_idiv                                      ./src/drivers/cr_startup_lpc84x.o
                                                  ./src/drivers/aeabi_romdiv_patch.o
pDivRom_uidiv                                     ./src/drivers/cr_startup_lpc84x.o
                                                  ./src/drivers/aeabi_romdiv_patch.o
timer_amar_Handler                                ./src/drivers/timer_handlers.o
                                                  ./src/primitivas/AP_FuncionesMDE.o
timer_boton_Handler                               ./src/drivers/timer_handlers.o
                                                  ./src/primitivas/AP_FuncionesMDE.o
timer_rojo_Handler                                ./src/drivers/timer_handlers.o
                                                  ./src/primitivas/AP_FuncionesMDE.o
timer_verde_Handler                               ./src/drivers/timer_handlers.o
                                                  ./src/primitivas/AP_FuncionesMDE.o
