C:\Users\lsuge\Documents\MCUXpressoIDE_11.4.0_6237\workspace\LPC845_Display\drivers/fsl_clock.h:580:20:CLOCK_Select	16	static
C:\Users\lsuge\Documents\MCUXpressoIDE_11.4.0_6237\workspace\LPC845_Display\drivers/fsl_clock.h:612:20:CLOCK_SetCoreSysClkDiv	16	static
C:\Users\lsuge\Documents\MCUXpressoIDE_11.4.0_6237\workspace\LPC845_Display\drivers/fsl_clock.h:836:20:CLOCK_SetFroOscFreq	16	static
C:\Users\lsuge\Documents\MCUXpressoIDE_11.4.0_6237\workspace\LPC845_Display\drivers/fsl_power.h:153:20:POWER_DisablePD	16	static
../board/clock_config.c:37:6:BOARD_InitBootClocks	8	static
../board/clock_config.c:63:6:BOARD_BootClockRUN	16	static
